{
    "with_intersection_stub": {
        "content": [
            [
                {
                    "meta": {
                        "id": "family1",
                        "sv_p": "-",
                        "sv_m": "-",
                        "sv_f": "-"
                    },
                    "vcf_exists": true,
                    "tbi_exists": true
                }
            ],
            [
                "versions.yml:md5,5fcff621d97a136c551aa174af5d95a3",
                "versions.yml:md5,be70bc4923b511284a992acb1b0a2f49"
            ]
        ],
        "meta": {
            "nf-test": "0.9.3",
            "nextflow": "25.04.6"
        },
        "timestamp": "2025-10-10T08:36:44.797955292"
    },
    "without_intersection_stub": {
        "content": [
            [
                {
                    "meta": {
                        "id": "family1",
                        "sv_p": "-",
                        "sv_m": "-",
                        "sv_f": "-"
                    },
                    "vcf_exists": true,
                    "tbi_exists": true
                }
            ],
            [
                "versions.yml:md5,be70bc4923b511284a992acb1b0a2f49"
            ]
        ],
        "meta": {
            "nf-test": "0.9.3",
            "nextflow": "25.04.6"
        },
        "timestamp": "2025-10-10T08:37:02.864972059"
    },
    "without_intersection": {
        "content": [
            [
                {
                    "meta": {
                        "id": "family1",
                        "sv_p": "-",
                        "sv_m": "-",
                        "sv_f": "-"
                    },
                    "vcf_exists": true,
                    "tbi_exists": true
                }
            ],
            [
                "versions.yml:md5,be70bc4923b511284a992acb1b0a2f49"
            ]
        ],
        "meta": {
            "nf-test": "0.9.3",
            "nextflow": "25.04.6"
        },
        "timestamp": "2025-10-10T08:36:24.457041446"
    },
    "with_intersection": {
        "content": [
            [
                {
                    "meta": {
                        "id": "family1",
                        "sv_p": "-",
                        "sv_m": "-",
                        "sv_f": "-"
                    },
                    "vcf_exists": true,
                    "tbi_exists": true
                }
            ],
            [
                "versions.yml:md5,5fcff621d97a136c551aa174af5d95a3",
                "versions.yml:md5,be70bc4923b511284a992acb1b0a2f49"
            ]
        ],
        "meta": {
            "nf-test": "0.9.3",
            "nextflow": "25.04.6"
        },
        "timestamp": "2025-10-10T08:36:06.155766094"
    }
}