{
    "processed trio rds with custom HMM": {
        "content": [
            {
                "0": [
                    [
                        {
                            "id": "test_trio",
                            "proband_id": "NA19685",
                            "mother_id": "NA19688",
                            "father_id": "NA19689"
                        },
                        "test_trio.upd_events.txt:md5,a817609191db523f160c620d14481826"
                    ]
                ],
                "1": [
                    [
                        {
                            "id": "test_trio",
                            "proband_id": "NA19685",
                            "mother_id": "NA19688",
                            "father_id": "NA19689"
                        },
                        "test_trio.upd_events.rds:md5,7f9d362f7f4cef89865b944d4ff75f7a"
                    ]
                ],
                "2": [
                    [
                        {
                            "id": "test_trio",
                            "proband_id": "NA19685",
                            "mother_id": "NA19688",
                            "father_id": "NA19689"
                        },
                        "test_trio.R_sessionInfo.log:md5,2af0bfd1f98de9b08708c8c2f773e847"
                    ]
                ],
                "3": [
                    "versions.yml:md5,2f195076cfb0ccc96de1f0a37f344a9e"
                ],
                "session_info": [
                    [
                        {
                            "id": "test_trio",
                            "proband_id": "NA19685",
                            "mother_id": "NA19688",
                            "father_id": "NA19689"
                        },
                        "test_trio.R_sessionInfo.log:md5,2af0bfd1f98de9b08708c8c2f773e847"
                    ]
                ],
                "upd_events_rds": [
                    [
                        {
                            "id": "test_trio",
                            "proband_id": "NA19685",
                            "mother_id": "NA19688",
                            "father_id": "NA19689"
                        },
                        "test_trio.upd_events.rds:md5,7f9d362f7f4cef89865b944d4ff75f7a"
                    ]
                ],
                "upd_events_txt": [
                    [
                        {
                            "id": "test_trio",
                            "proband_id": "NA19685",
                            "mother_id": "NA19688",
                            "father_id": "NA19689"
                        },
                        "test_trio.upd_events.txt:md5,a817609191db523f160c620d14481826"
                    ]
                ],
                "versions": [
                    "versions.yml:md5,2f195076cfb0ccc96de1f0a37f344a9e"
                ]
            }
        ],
        "meta": {
            "nf-test": "0.9.3",
            "nextflow": "25.04.6"
        },
        "timestamp": "2026-01-14T08:41:33.292389794"
    },
    "processed trio rds with add_ratios": {
        "content": [
            {
                "0": [
                    [
                        {
                            "id": "test_trio",
                            "proband_id": "NA19685",
                            "mother_id": "NA19688",
                            "father_id": "NA19689"
                        },
                        "test_trio.upd_events.txt:md5,a817609191db523f160c620d14481826"
                    ]
                ],
                "1": [
                    [
                        {
                            "id": "test_trio",
                            "proband_id": "NA19685",
                            "mother_id": "NA19688",
                            "father_id": "NA19689"
                        },
                        "test_trio.upd_events.rds:md5,7f9d362f7f4cef89865b944d4ff75f7a"
                    ]
                ],
                "2": [
                    [
                        {
                            "id": "test_trio",
                            "proband_id": "NA19685",
                            "mother_id": "NA19688",
                            "father_id": "NA19689"
                        },
                        "test_trio.R_sessionInfo.log:md5,0e8b2977565d760bc93a739bcd48bad4"
                    ]
                ],
                "3": [
                    "versions.yml:md5,2f195076cfb0ccc96de1f0a37f344a9e"
                ],
                "session_info": [
                    [
                        {
                            "id": "test_trio",
                            "proband_id": "NA19685",
                            "mother_id": "NA19688",
                            "father_id": "NA19689"
                        },
                        "test_trio.R_sessionInfo.log:md5,0e8b2977565d760bc93a739bcd48bad4"
                    ]
                ],
                "upd_events_rds": [
                    [
                        {
                            "id": "test_trio",
                            "proband_id": "NA19685",
                            "mother_id": "NA19688",
                            "father_id": "NA19689"
                        },
                        "test_trio.upd_events.rds:md5,7f9d362f7f4cef89865b944d4ff75f7a"
                    ]
                ],
                "upd_events_txt": [
                    [
                        {
                            "id": "test_trio",
                            "proband_id": "NA19685",
                            "mother_id": "NA19688",
                            "father_id": "NA19689"
                        },
                        "test_trio.upd_events.txt:md5,a817609191db523f160c620d14481826"
                    ]
                ],
                "versions": [
                    "versions.yml:md5,2f195076cfb0ccc96de1f0a37f344a9e"
                ]
            }
        ],
        "meta": {
            "nf-test": "0.9.3",
            "nextflow": "25.04.6"
        },
        "timestamp": "2026-01-14T08:40:37.583712458"
    },
    "processed trio rds - stub": {
        "content": [
            {
                "0": [
                    [
                        {
                            "id": "test_trio",
                            "proband_id": "NA19685",
                            "mother_id": "NA19688",
                            "father_id": "NA19689"
                        },
                        "test_trio.upd_events.txt:md5,d41d8cd98f00b204e9800998ecf8427e"
                    ]
                ],
                "1": [
                    [
                        {
                            "id": "test_trio",
                            "proband_id": "NA19685",
                            "mother_id": "NA19688",
                            "father_id": "NA19689"
                        },
                        "test_trio.upd_events.rds:md5,d41d8cd98f00b204e9800998ecf8427e"
                    ]
                ],
                "2": [
                    [
                        {
                            "id": "test_trio",
                            "proband_id": "NA19685",
                            "mother_id": "NA19688",
                            "father_id": "NA19689"
                        },
                        "test_trio.R_sessionInfo.log:md5,d41d8cd98f00b204e9800998ecf8427e"
                    ]
                ],
                "3": [
                    "versions.yml:md5,2f195076cfb0ccc96de1f0a37f344a9e"
                ],
                "session_info": [
                    [
                        {
                            "id": "test_trio",
                            "proband_id": "NA19685",
                            "mother_id": "NA19688",
                            "father_id": "NA19689"
                        },
                        "test_trio.R_sessionInfo.log:md5,d41d8cd98f00b204e9800998ecf8427e"
                    ]
                ],
                "upd_events_rds": [
                    [
                        {
                            "id": "test_trio",
                            "proband_id": "NA19685",
                            "mother_id": "NA19688",
                            "father_id": "NA19689"
                        },
                        "test_trio.upd_events.rds:md5,d41d8cd98f00b204e9800998ecf8427e"
                    ]
                ],
                "upd_events_txt": [
                    [
                        {
                            "id": "test_trio",
                            "proband_id": "NA19685",
                            "mother_id": "NA19688",
                            "father_id": "NA19689"
                        },
                        "test_trio.upd_events.txt:md5,d41d8cd98f00b204e9800998ecf8427e"
                    ]
                ],
                "versions": [
                    "versions.yml:md5,2f195076cfb0ccc96de1f0a37f344a9e"
                ]
            }
        ],
        "meta": {
            "nf-test": "0.9.3",
            "nextflow": "25.04.6"
        },
        "timestamp": "2026-01-14T08:42:53.670640645"
    },
    "processed trio rds": {
        "content": [
            {
                "0": [
                    [
                        {
                            "id": "test_trio",
                            "proband_id": "NA19685",
                            "mother_id": "NA19688",
                            "father_id": "NA19689"
                        },
                        "test_trio.upd_events.txt:md5,a817609191db523f160c620d14481826"
                    ]
                ],
                "1": [
                    [
                        {
                            "id": "test_trio",
                            "proband_id": "NA19685",
                            "mother_id": "NA19688",
                            "father_id": "NA19689"
                        },
                        "test_trio.upd_events.rds:md5,7f9d362f7f4cef89865b944d4ff75f7a"
                    ]
                ],
                "2": [
                    [
                        {
                            "id": "test_trio",
                            "proband_id": "NA19685",
                            "mother_id": "NA19688",
                            "father_id": "NA19689"
                        },
                        "test_trio.R_sessionInfo.log:md5,0e8b2977565d760bc93a739bcd48bad4"
                    ]
                ],
                "3": [
                    "versions.yml:md5,2f195076cfb0ccc96de1f0a37f344a9e"
                ],
                "session_info": [
                    [
                        {
                            "id": "test_trio",
                            "proband_id": "NA19685",
                            "mother_id": "NA19688",
                            "father_id": "NA19689"
                        },
                        "test_trio.R_sessionInfo.log:md5,0e8b2977565d760bc93a739bcd48bad4"
                    ]
                ],
                "upd_events_rds": [
                    [
                        {
                            "id": "test_trio",
                            "proband_id": "NA19685",
                            "mother_id": "NA19688",
                            "father_id": "NA19689"
                        },
                        "test_trio.upd_events.rds:md5,7f9d362f7f4cef89865b944d4ff75f7a"
                    ]
                ],
                "upd_events_txt": [
                    [
                        {
                            "id": "test_trio",
                            "proband_id": "NA19685",
                            "mother_id": "NA19688",
                            "father_id": "NA19689"
                        },
                        "test_trio.upd_events.txt:md5,a817609191db523f160c620d14481826"
                    ]
                ],
                "versions": [
                    "versions.yml:md5,2f195076cfb0ccc96de1f0a37f344a9e"
                ]
            }
        ],
        "meta": {
            "nf-test": "0.9.3",
            "nextflow": "25.04.6"
        },
        "timestamp": "2026-01-14T08:39:39.975022121"
    },
    "processed trio rds with custom field_DP": {
        "content": [
            {
                "0": [
                    [
                        {
                            "id": "test_trio",
                            "proband_id": "NA19685",
                            "mother_id": "NA19688",
                            "father_id": "NA19689"
                        },
                        "test_trio.upd_events.txt:md5,a817609191db523f160c620d14481826"
                    ]
                ],
                "1": [
                    [
                        {
                            "id": "test_trio",
                            "proband_id": "NA19685",
                            "mother_id": "NA19688",
                            "father_id": "NA19689"
                        },
                        "test_trio.upd_events.rds:md5,7f9d362f7f4cef89865b944d4ff75f7a"
                    ]
                ],
                "2": [
                    [
                        {
                            "id": "test_trio",
                            "proband_id": "NA19685",
                            "mother_id": "NA19688",
                            "father_id": "NA19689"
                        },
                        "test_trio.R_sessionInfo.log:md5,2af0bfd1f98de9b08708c8c2f773e847"
                    ]
                ],
                "3": [
                    "versions.yml:md5,2f195076cfb0ccc96de1f0a37f344a9e"
                ],
                "session_info": [
                    [
                        {
                            "id": "test_trio",
                            "proband_id": "NA19685",
                            "mother_id": "NA19688",
                            "father_id": "NA19689"
                        },
                        "test_trio.R_sessionInfo.log:md5,2af0bfd1f98de9b08708c8c2f773e847"
                    ]
                ],
                "upd_events_rds": [
                    [
                        {
                            "id": "test_trio",
                            "proband_id": "NA19685",
                            "mother_id": "NA19688",
                            "father_id": "NA19689"
                        },
                        "test_trio.upd_events.rds:md5,7f9d362f7f4cef89865b944d4ff75f7a"
                    ]
                ],
                "upd_events_txt": [
                    [
                        {
                            "id": "test_trio",
                            "proband_id": "NA19685",
                            "mother_id": "NA19688",
                            "father_id": "NA19689"
                        },
                        "test_trio.upd_events.txt:md5,a817609191db523f160c620d14481826"
                    ]
                ],
                "versions": [
                    "versions.yml:md5,2f195076cfb0ccc96de1f0a37f344a9e"
                ]
            }
        ],
        "meta": {
            "nf-test": "0.9.3",
            "nextflow": "25.04.6"
        },
        "timestamp": "2026-01-14T08:42:28.682324952"
    }
}