{
    "processed trio rds with add_ratios": {
        "content": [
            {
                "0": [
                    [
                        {
                            "id": "test_trio",
                            "proband_id": "hugelymodelbat",
                            "mother_id": "slowlycivilbuck",
                            "father_id": "earlycasualcaiman"
                        },
                        "test_trio.upd_events.txt:md5,df52e986f951be0435d60edb372b1c5e"
                    ]
                ],
                "1": [
                    [
                        {
                            "id": "test_trio",
                            "proband_id": "hugelymodelbat",
                            "mother_id": "slowlycivilbuck",
                            "father_id": "earlycasualcaiman"
                        },
                        "test_trio.upd_events.rds:md5,a5c30ee7255433c6ac3596a30abab46c"
                    ]
                ],
                "2": [
                    [
                        {
                            "id": "test_trio",
                            "proband_id": "hugelymodelbat",
                            "mother_id": "slowlycivilbuck",
                            "father_id": "earlycasualcaiman"
                        },
                        "test_trio.R_sessionInfo.log:md5,0e8b2977565d760bc93a739bcd48bad4"
                    ]
                ],
                "3": [
                    "versions.yml:md5,2f195076cfb0ccc96de1f0a37f344a9e"
                ],
                "session_info": [
                    [
                        {
                            "id": "test_trio",
                            "proband_id": "hugelymodelbat",
                            "mother_id": "slowlycivilbuck",
                            "father_id": "earlycasualcaiman"
                        },
                        "test_trio.R_sessionInfo.log:md5,0e8b2977565d760bc93a739bcd48bad4"
                    ]
                ],
                "upd_events_rds": [
                    [
                        {
                            "id": "test_trio",
                            "proband_id": "hugelymodelbat",
                            "mother_id": "slowlycivilbuck",
                            "father_id": "earlycasualcaiman"
                        },
                        "test_trio.upd_events.rds:md5,a5c30ee7255433c6ac3596a30abab46c"
                    ]
                ],
                "upd_events_txt": [
                    [
                        {
                            "id": "test_trio",
                            "proband_id": "hugelymodelbat",
                            "mother_id": "slowlycivilbuck",
                            "father_id": "earlycasualcaiman"
                        },
                        "test_trio.upd_events.txt:md5,df52e986f951be0435d60edb372b1c5e"
                    ]
                ],
                "versions": [
                    "versions.yml:md5,2f195076cfb0ccc96de1f0a37f344a9e"
                ]
            }
        ],
        "meta": {
            "nf-test": "0.9.3",
            "nextflow": "25.04.6"
        },
        "timestamp": "2026-01-27T08:12:28.074975933"
    },
    "processed trio rds - stub": {
        "content": [
            {
                "0": [
                    [
                        {
                            "id": "test_trio",
                            "proband_id": "hugelymodelbat",
                            "mother_id": "slowlycivilbuck",
                            "father_id": "earlycasualcaiman"
                        },
                        "test_trio.upd_events.txt:md5,d41d8cd98f00b204e9800998ecf8427e"
                    ]
                ],
                "1": [
                    [
                        {
                            "id": "test_trio",
                            "proband_id": "hugelymodelbat",
                            "mother_id": "slowlycivilbuck",
                            "father_id": "earlycasualcaiman"
                        },
                        "test_trio.upd_events.rds:md5,d41d8cd98f00b204e9800998ecf8427e"
                    ]
                ],
                "2": [
                    [
                        {
                            "id": "test_trio",
                            "proband_id": "hugelymodelbat",
                            "mother_id": "slowlycivilbuck",
                            "father_id": "earlycasualcaiman"
                        },
                        "test_trio.R_sessionInfo.log:md5,d41d8cd98f00b204e9800998ecf8427e"
                    ]
                ],
                "3": [
                    "versions.yml:md5,2f195076cfb0ccc96de1f0a37f344a9e"
                ],
                "session_info": [
                    [
                        {
                            "id": "test_trio",
                            "proband_id": "hugelymodelbat",
                            "mother_id": "slowlycivilbuck",
                            "father_id": "earlycasualcaiman"
                        },
                        "test_trio.R_sessionInfo.log:md5,d41d8cd98f00b204e9800998ecf8427e"
                    ]
                ],
                "upd_events_rds": [
                    [
                        {
                            "id": "test_trio",
                            "proband_id": "hugelymodelbat",
                            "mother_id": "slowlycivilbuck",
                            "father_id": "earlycasualcaiman"
                        },
                        "test_trio.upd_events.rds:md5,d41d8cd98f00b204e9800998ecf8427e"
                    ]
                ],
                "upd_events_txt": [
                    [
                        {
                            "id": "test_trio",
                            "proband_id": "hugelymodelbat",
                            "mother_id": "slowlycivilbuck",
                            "father_id": "earlycasualcaiman"
                        },
                        "test_trio.upd_events.txt:md5,d41d8cd98f00b204e9800998ecf8427e"
                    ]
                ],
                "versions": [
                    "versions.yml:md5,2f195076cfb0ccc96de1f0a37f344a9e"
                ]
            }
        ],
        "meta": {
            "nf-test": "0.9.3",
            "nextflow": "25.04.6"
        },
        "timestamp": "2026-01-27T08:15:11.483679893"
    },
    "processed trio rds": {
        "content": [
            {
                "0": [
                    [
                        {
                            "id": "test_trio",
                            "proband_id": "hugelymodelbat",
                            "mother_id": "slowlycivilbuck",
                            "father_id": "earlycasualcaiman"
                        },
                        "test_trio.upd_events.txt:md5,df52e986f951be0435d60edb372b1c5e"
                    ]
                ],
                "1": [
                    [
                        {
                            "id": "test_trio",
                            "proband_id": "hugelymodelbat",
                            "mother_id": "slowlycivilbuck",
                            "father_id": "earlycasualcaiman"
                        },
                        "test_trio.upd_events.rds:md5,a5c30ee7255433c6ac3596a30abab46c"
                    ]
                ],
                "2": [
                    [
                        {
                            "id": "test_trio",
                            "proband_id": "hugelymodelbat",
                            "mother_id": "slowlycivilbuck",
                            "father_id": "earlycasualcaiman"
                        },
                        "test_trio.R_sessionInfo.log:md5,0e8b2977565d760bc93a739bcd48bad4"
                    ]
                ],
                "3": [
                    "versions.yml:md5,2f195076cfb0ccc96de1f0a37f344a9e"
                ],
                "session_info": [
                    [
                        {
                            "id": "test_trio",
                            "proband_id": "hugelymodelbat",
                            "mother_id": "slowlycivilbuck",
                            "father_id": "earlycasualcaiman"
                        },
                        "test_trio.R_sessionInfo.log:md5,0e8b2977565d760bc93a739bcd48bad4"
                    ]
                ],
                "upd_events_rds": [
                    [
                        {
                            "id": "test_trio",
                            "proband_id": "hugelymodelbat",
                            "mother_id": "slowlycivilbuck",
                            "father_id": "earlycasualcaiman"
                        },
                        "test_trio.upd_events.rds:md5,a5c30ee7255433c6ac3596a30abab46c"
                    ]
                ],
                "upd_events_txt": [
                    [
                        {
                            "id": "test_trio",
                            "proband_id": "hugelymodelbat",
                            "mother_id": "slowlycivilbuck",
                            "father_id": "earlycasualcaiman"
                        },
                        "test_trio.upd_events.txt:md5,df52e986f951be0435d60edb372b1c5e"
                    ]
                ],
                "versions": [
                    "versions.yml:md5,2f195076cfb0ccc96de1f0a37f344a9e"
                ]
            }
        ],
        "meta": {
            "nf-test": "0.9.3",
            "nextflow": "25.04.6"
        },
        "timestamp": "2026-01-27T08:10:49.419347155"
    },
    "processed trio rds with custom field_DP": {
        "content": [
            {
                "0": [
                    [
                        {
                            "id": "test_trio",
                            "proband_id": "hugelymodelbat",
                            "mother_id": "slowlycivilbuck",
                            "father_id": "earlycasualcaiman"
                        },
                        "test_trio.upd_events.txt:md5,94e81ab509e0047bcd7dc18f5b87667d"
                    ]
                ],
                "1": [
                    [
                        {
                            "id": "test_trio",
                            "proband_id": "hugelymodelbat",
                            "mother_id": "slowlycivilbuck",
                            "father_id": "earlycasualcaiman"
                        },
                        "test_trio.upd_events.rds:md5,e84acd9d2841e76f4e1496cb05f392a8"
                    ]
                ],
                "2": [
                    [
                        {
                            "id": "test_trio",
                            "proband_id": "hugelymodelbat",
                            "mother_id": "slowlycivilbuck",
                            "father_id": "earlycasualcaiman"
                        },
                        "test_trio.R_sessionInfo.log:md5,2af0bfd1f98de9b08708c8c2f773e847"
                    ]
                ],
                "3": [
                    "versions.yml:md5,2f195076cfb0ccc96de1f0a37f344a9e"
                ],
                "session_info": [
                    [
                        {
                            "id": "test_trio",
                            "proband_id": "hugelymodelbat",
                            "mother_id": "slowlycivilbuck",
                            "father_id": "earlycasualcaiman"
                        },
                        "test_trio.R_sessionInfo.log:md5,2af0bfd1f98de9b08708c8c2f773e847"
                    ]
                ],
                "upd_events_rds": [
                    [
                        {
                            "id": "test_trio",
                            "proband_id": "hugelymodelbat",
                            "mother_id": "slowlycivilbuck",
                            "father_id": "earlycasualcaiman"
                        },
                        "test_trio.upd_events.rds:md5,e84acd9d2841e76f4e1496cb05f392a8"
                    ]
                ],
                "upd_events_txt": [
                    [
                        {
                            "id": "test_trio",
                            "proband_id": "hugelymodelbat",
                            "mother_id": "slowlycivilbuck",
                            "father_id": "earlycasualcaiman"
                        },
                        "test_trio.upd_events.txt:md5,94e81ab509e0047bcd7dc18f5b87667d"
                    ]
                ],
                "versions": [
                    "versions.yml:md5,2f195076cfb0ccc96de1f0a37f344a9e"
                ]
            }
        ],
        "meta": {
            "nf-test": "0.9.3",
            "nextflow": "25.04.6"
        },
        "timestamp": "2026-01-27T08:14:05.210154163"
    }
}