{
    "single family - single bed file": {
        "content": [
            [
                {
                    "meta": {
                        "id": "family2"
                    },
                    "bed_name": "family2_svs_concatenated.concatenated.bed",
                    "bed_exists": true
                }
            ],
            [
                "versions.yml:md5,824e31f96b4695b40491890a283d4236"
            ]
        ],
        "meta": {
            "nf-test": "0.9.3",
            "nextflow": "25.04.6"
        },
        "timestamp": "2025-12-14T11:11:38.775712861"
    },
    "single family - three bed files - stub": {
        "content": [
            {
                "0": [
                    [
                        {
                            "id": "family1",
                            "sv_p": "-",
                            "sv_m": "-",
                            "sv_f": "-"
                        },
                        "family1_svs_concatenated.concatenated.bed:md5,d41d8cd98f00b204e9800998ecf8427e"
                    ]
                ],
                "1": [
                    "versions.yml:md5,84e2a360928abb4171f47e222e05050a"
                ],
                "bed": [
                    [
                        {
                            "id": "family1",
                            "sv_p": "-",
                            "sv_m": "-",
                            "sv_f": "-"
                        },
                        "family1_svs_concatenated.concatenated.bed:md5,d41d8cd98f00b204e9800998ecf8427e"
                    ]
                ],
                "versions": [
                    "versions.yml:md5,84e2a360928abb4171f47e222e05050a"
                ]
            }
        ],
        "meta": {
            "nf-test": "0.9.3",
            "nextflow": "25.04.6"
        },
        "timestamp": "2025-12-14T11:12:31.484587356"
    },
    "multiple families - batch processing": {
        "content": [
            [
                {
                    "meta": {
                        "id": "family1"
                    },
                    "bed_name": "family1_svs_concatenated.concatenated.bed",
                    "bed_exists": true
                },
                {
                    "meta": {
                        "id": "family2"
                    },
                    "bed_name": "family2_svs_concatenated.concatenated.bed",
                    "bed_exists": true
                }
            ],
            [
                "versions.yml:md5,824e31f96b4695b40491890a283d4236",
                "versions.yml:md5,824e31f96b4695b40491890a283d4236"
            ]
        ],
        "meta": {
            "nf-test": "0.9.3",
            "nextflow": "25.04.6"
        },
        "timestamp": "2025-12-14T11:12:06.176345047"
    },
    "single family - three bed files": {
        "content": [
            [
                {
                    "meta": {
                        "id": "family1"
                    },
                    "bed_name": "family1_svs_concatenated.concatenated.bed",
                    "bed_exists": true
                }
            ],
            [
                "versions.yml:md5,824e31f96b4695b40491890a283d4236"
            ]
        ],
        "meta": {
            "nf-test": "0.9.3",
            "nextflow": "25.04.6"
        },
        "timestamp": "2025-12-14T11:11:10.929141429"
    }
}