{
    "without_intersection_no_svs": {
        "content": [
            [
                {
                    "meta": {
                        "id": "FAM1",
                        "sv_p": "-",
                        "sv_m": "-",
                        "sv_f": "-"
                    },
                    "vcf_exists": true,
                    "tbi_exists": true
                }
            ],
            [
                "versions.yml:md5,01994edd3494039509599dd1e64aacc1",
                "versions.yml:md5,3b67bd8cc11fa25b6fc8f9a5411c786f",
                "versions.yml:md5,457eb2d7a8ad7ba80ca970ec9d1f31d7",
                "versions.yml:md5,5b3fc4aa38b77ea57087bad28b9224a2",
                "versions.yml:md5,5ed417539828b493650f0e92fe39e669",
                "versions.yml:md5,936ee60af9480dada105ebe2dbf1da06",
                "versions.yml:md5,936ee60af9480dada105ebe2dbf1da06",
                "versions.yml:md5,936ee60af9480dada105ebe2dbf1da06",
                "versions.yml:md5,b417a78c103465605d9917c0e5059375",
                "versions.yml:md5,c9c36e046a92c74b43f05406d141d923",
                "versions.yml:md5,c9c36e046a92c74b43f05406d141d923",
                "versions.yml:md5,c9c36e046a92c74b43f05406d141d923",
                "versions.yml:md5,e134f819cea5667256475edf6966a6d6",
                "versions.yml:md5,e134f819cea5667256475edf6966a6d6",
                "versions.yml:md5,e134f819cea5667256475edf6966a6d6"
            ]
        ],
        "meta": {
            "nf-test": "0.9.3",
            "nextflow": "25.04.6"
        },
        "timestamp": "2025-12-11T19:06:16.484660894"
    },
    "with_intersection_with_svs": {
        "content": [
            [
                {
                    "meta": {
                        "id": "FAM1",
                        "sv_p": "proband_sv.bed:md5,5d5132e465696c191d87fdb5674753b3",
                        "sv_m": "mother_sv.vcf.gz:md5,1f5b22b680fdd7c0f5e9af23a22812b0",
                        "sv_f": "father_sv.bed:md5,9c6fd169c930c8d38e5161b6e8651291"
                    },
                    "vcf_exists": true,
                    "tbi_exists": true
                }
            ],
            [
                "versions.yml:md5,01994edd3494039509599dd1e64aacc1",
                "versions.yml:md5,148abcee5484d0717f77e07f828c1975",
                "versions.yml:md5,323b7be16360f5941bef99cc17f99ce2",
                "versions.yml:md5,327f442dbd62dccb56a88492db2f686a",
                "versions.yml:md5,3b67bd8cc11fa25b6fc8f9a5411c786f",
                "versions.yml:md5,3c20cd0f85af7e09269e86ce20a3bde5",
                "versions.yml:md5,457eb2d7a8ad7ba80ca970ec9d1f31d7",
                "versions.yml:md5,5ed417539828b493650f0e92fe39e669",
                "versions.yml:md5,936ee60af9480dada105ebe2dbf1da06",
                "versions.yml:md5,936ee60af9480dada105ebe2dbf1da06",
                "versions.yml:md5,936ee60af9480dada105ebe2dbf1da06",
                "versions.yml:md5,9b7766780d242b540d804a9a09a67988",
                "versions.yml:md5,b417a78c103465605d9917c0e5059375",
                "versions.yml:md5,c9c36e046a92c74b43f05406d141d923",
                "versions.yml:md5,c9c36e046a92c74b43f05406d141d923",
                "versions.yml:md5,c9c36e046a92c74b43f05406d141d923",
                "versions.yml:md5,e134f819cea5667256475edf6966a6d6",
                "versions.yml:md5,e134f819cea5667256475edf6966a6d6",
                "versions.yml:md5,e134f819cea5667256475edf6966a6d6"
            ]
        ],
        "meta": {
            "nf-test": "0.9.3",
            "nextflow": "25.04.6"
        },
        "timestamp": "2025-12-11T19:06:59.980415464"
    },
    "with_intersection_no_svs": {
        "content": [
            [
                {
                    "meta": {
                        "id": "FAM1",
                        "sv_p": "-",
                        "sv_m": "-",
                        "sv_f": "-"
                    },
                    "vcf_exists": true,
                    "tbi_exists": true
                }
            ],
            [
                "versions.yml:md5,01994edd3494039509599dd1e64aacc1",
                "versions.yml:md5,148abcee5484d0717f77e07f828c1975",
                "versions.yml:md5,3b67bd8cc11fa25b6fc8f9a5411c786f",
                "versions.yml:md5,457eb2d7a8ad7ba80ca970ec9d1f31d7",
                "versions.yml:md5,5ed417539828b493650f0e92fe39e669",
                "versions.yml:md5,936ee60af9480dada105ebe2dbf1da06",
                "versions.yml:md5,936ee60af9480dada105ebe2dbf1da06",
                "versions.yml:md5,936ee60af9480dada105ebe2dbf1da06",
                "versions.yml:md5,b417a78c103465605d9917c0e5059375",
                "versions.yml:md5,c9c36e046a92c74b43f05406d141d923",
                "versions.yml:md5,c9c36e046a92c74b43f05406d141d923",
                "versions.yml:md5,c9c36e046a92c74b43f05406d141d923",
                "versions.yml:md5,e134f819cea5667256475edf6966a6d6",
                "versions.yml:md5,e134f819cea5667256475edf6966a6d6",
                "versions.yml:md5,e134f819cea5667256475edf6966a6d6"
            ]
        ],
        "meta": {
            "nf-test": "0.9.3",
            "nextflow": "25.04.6"
        },
        "timestamp": "2025-12-11T19:05:35.701676266"
    },
    "multiple_families_stub": {
        "content": [
            [
                {
                    "meta": {
                        "id": "FAM1",
                        "sv_p": "-",
                        "sv_m": "-",
                        "sv_f": "-"
                    },
                    "vcf_exists": true,
                    "tbi_exists": true
                },
                {
                    "meta": {
                        "id": "FAM2",
                        "sv_p": "-",
                        "sv_m": "-",
                        "sv_f": "-"
                    },
                    "vcf_exists": true,
                    "tbi_exists": true
                }
            ],
            [
                "versions.yml:md5,01994edd3494039509599dd1e64aacc1",
                "versions.yml:md5,01994edd3494039509599dd1e64aacc1",
                "versions.yml:md5,148abcee5484d0717f77e07f828c1975",
                "versions.yml:md5,148abcee5484d0717f77e07f828c1975",
                "versions.yml:md5,3b67bd8cc11fa25b6fc8f9a5411c786f",
                "versions.yml:md5,3b67bd8cc11fa25b6fc8f9a5411c786f",
                "versions.yml:md5,457eb2d7a8ad7ba80ca970ec9d1f31d7",
                "versions.yml:md5,457eb2d7a8ad7ba80ca970ec9d1f31d7",
                "versions.yml:md5,5ed417539828b493650f0e92fe39e669",
                "versions.yml:md5,5ed417539828b493650f0e92fe39e669",
                "versions.yml:md5,936ee60af9480dada105ebe2dbf1da06",
                "versions.yml:md5,936ee60af9480dada105ebe2dbf1da06",
                "versions.yml:md5,936ee60af9480dada105ebe2dbf1da06",
                "versions.yml:md5,936ee60af9480dada105ebe2dbf1da06",
                "versions.yml:md5,936ee60af9480dada105ebe2dbf1da06",
                "versions.yml:md5,936ee60af9480dada105ebe2dbf1da06",
                "versions.yml:md5,b417a78c103465605d9917c0e5059375",
                "versions.yml:md5,b417a78c103465605d9917c0e5059375",
                "versions.yml:md5,c9c36e046a92c74b43f05406d141d923",
                "versions.yml:md5,c9c36e046a92c74b43f05406d141d923",
                "versions.yml:md5,c9c36e046a92c74b43f05406d141d923",
                "versions.yml:md5,c9c36e046a92c74b43f05406d141d923",
                "versions.yml:md5,c9c36e046a92c74b43f05406d141d923",
                "versions.yml:md5,c9c36e046a92c74b43f05406d141d923",
                "versions.yml:md5,e134f819cea5667256475edf6966a6d6",
                "versions.yml:md5,e134f819cea5667256475edf6966a6d6",
                "versions.yml:md5,e134f819cea5667256475edf6966a6d6",
                "versions.yml:md5,e134f819cea5667256475edf6966a6d6",
                "versions.yml:md5,e134f819cea5667256475edf6966a6d6",
                "versions.yml:md5,e134f819cea5667256475edf6966a6d6"
            ]
        ],
        "meta": {
            "nf-test": "0.9.3",
            "nextflow": "25.04.6"
        },
        "timestamp": "2025-12-11T19:11:38.502566932"
    },
    "without_intersection_with_svs": {
        "content": [
            [
                {
                    "meta": {
                        "id": "FAM1",
                        "sv_p": "proband_sv.bed:md5,5d5132e465696c191d87fdb5674753b3",
                        "sv_m": "mother_sv.vcf.gz:md5,1f5b22b680fdd7c0f5e9af23a22812b0",
                        "sv_f": "father_sv.bed:md5,9c6fd169c930c8d38e5161b6e8651291"
                    },
                    "vcf_exists": true,
                    "tbi_exists": true
                }
            ],
            [
                "versions.yml:md5,01994edd3494039509599dd1e64aacc1",
                "versions.yml:md5,323b7be16360f5941bef99cc17f99ce2",
                "versions.yml:md5,327f442dbd62dccb56a88492db2f686a",
                "versions.yml:md5,3b67bd8cc11fa25b6fc8f9a5411c786f",
                "versions.yml:md5,3c20cd0f85af7e09269e86ce20a3bde5",
                "versions.yml:md5,457eb2d7a8ad7ba80ca970ec9d1f31d7",
                "versions.yml:md5,5b3fc4aa38b77ea57087bad28b9224a2",
                "versions.yml:md5,5ed417539828b493650f0e92fe39e669",
                "versions.yml:md5,936ee60af9480dada105ebe2dbf1da06",
                "versions.yml:md5,936ee60af9480dada105ebe2dbf1da06",
                "versions.yml:md5,936ee60af9480dada105ebe2dbf1da06",
                "versions.yml:md5,9b7766780d242b540d804a9a09a67988",
                "versions.yml:md5,b417a78c103465605d9917c0e5059375",
                "versions.yml:md5,c9c36e046a92c74b43f05406d141d923",
                "versions.yml:md5,c9c36e046a92c74b43f05406d141d923",
                "versions.yml:md5,c9c36e046a92c74b43f05406d141d923",
                "versions.yml:md5,e134f819cea5667256475edf6966a6d6",
                "versions.yml:md5,e134f819cea5667256475edf6966a6d6",
                "versions.yml:md5,e134f819cea5667256475edf6966a6d6"
            ]
        ],
        "meta": {
            "nf-test": "0.9.3",
            "nextflow": "25.04.6"
        },
        "timestamp": "2025-12-11T19:07:43.645818036"
    },
    "without_intersection_no_svs_stub": {
        "content": [
            [
                {
                    "meta": {
                        "id": "FAM1",
                        "sv_p": "-",
                        "sv_m": "-",
                        "sv_f": "-"
                    },
                    "vcf_exists": true,
                    "tbi_exists": true
                }
            ],
            [
                "versions.yml:md5,01994edd3494039509599dd1e64aacc1",
                "versions.yml:md5,3b67bd8cc11fa25b6fc8f9a5411c786f",
                "versions.yml:md5,457eb2d7a8ad7ba80ca970ec9d1f31d7",
                "versions.yml:md5,5b3fc4aa38b77ea57087bad28b9224a2",
                "versions.yml:md5,5ed417539828b493650f0e92fe39e669",
                "versions.yml:md5,936ee60af9480dada105ebe2dbf1da06",
                "versions.yml:md5,936ee60af9480dada105ebe2dbf1da06",
                "versions.yml:md5,936ee60af9480dada105ebe2dbf1da06",
                "versions.yml:md5,b417a78c103465605d9917c0e5059375",
                "versions.yml:md5,c9c36e046a92c74b43f05406d141d923",
                "versions.yml:md5,c9c36e046a92c74b43f05406d141d923",
                "versions.yml:md5,c9c36e046a92c74b43f05406d141d923",
                "versions.yml:md5,e134f819cea5667256475edf6966a6d6",
                "versions.yml:md5,e134f819cea5667256475edf6966a6d6",
                "versions.yml:md5,e134f819cea5667256475edf6966a6d6"
            ]
        ],
        "meta": {
            "nf-test": "0.9.3",
            "nextflow": "25.04.6"
        },
        "timestamp": "2025-12-11T19:08:52.861443541"
    },
    "multiple_families": {
        "content": [
            [
                {
                    "meta": {
                        "id": "FAM1",
                        "sv_p": "-",
                        "sv_m": "-",
                        "sv_f": "-"
                    },
                    "vcf_exists": true,
                    "tbi_exists": true
                },
                {
                    "meta": {
                        "id": "FAM2",
                        "sv_p": "-",
                        "sv_m": "-",
                        "sv_f": "-"
                    },
                    "vcf_exists": true,
                    "tbi_exists": true
                }
            ],
            [
                "versions.yml:md5,01994edd3494039509599dd1e64aacc1",
                "versions.yml:md5,01994edd3494039509599dd1e64aacc1",
                "versions.yml:md5,148abcee5484d0717f77e07f828c1975",
                "versions.yml:md5,148abcee5484d0717f77e07f828c1975",
                "versions.yml:md5,3b67bd8cc11fa25b6fc8f9a5411c786f",
                "versions.yml:md5,3b67bd8cc11fa25b6fc8f9a5411c786f",
                "versions.yml:md5,457eb2d7a8ad7ba80ca970ec9d1f31d7",
                "versions.yml:md5,457eb2d7a8ad7ba80ca970ec9d1f31d7",
                "versions.yml:md5,5ed417539828b493650f0e92fe39e669",
                "versions.yml:md5,5ed417539828b493650f0e92fe39e669",
                "versions.yml:md5,936ee60af9480dada105ebe2dbf1da06",
                "versions.yml:md5,936ee60af9480dada105ebe2dbf1da06",
                "versions.yml:md5,936ee60af9480dada105ebe2dbf1da06",
                "versions.yml:md5,936ee60af9480dada105ebe2dbf1da06",
                "versions.yml:md5,936ee60af9480dada105ebe2dbf1da06",
                "versions.yml:md5,936ee60af9480dada105ebe2dbf1da06",
                "versions.yml:md5,b417a78c103465605d9917c0e5059375",
                "versions.yml:md5,b417a78c103465605d9917c0e5059375",
                "versions.yml:md5,c9c36e046a92c74b43f05406d141d923",
                "versions.yml:md5,c9c36e046a92c74b43f05406d141d923",
                "versions.yml:md5,c9c36e046a92c74b43f05406d141d923",
                "versions.yml:md5,c9c36e046a92c74b43f05406d141d923",
                "versions.yml:md5,c9c36e046a92c74b43f05406d141d923",
                "versions.yml:md5,c9c36e046a92c74b43f05406d141d923",
                "versions.yml:md5,e134f819cea5667256475edf6966a6d6",
                "versions.yml:md5,e134f819cea5667256475edf6966a6d6",
                "versions.yml:md5,e134f819cea5667256475edf6966a6d6",
                "versions.yml:md5,e134f819cea5667256475edf6966a6d6",
                "versions.yml:md5,e134f819cea5667256475edf6966a6d6",
                "versions.yml:md5,e134f819cea5667256475edf6966a6d6"
            ]
        ],
        "meta": {
            "nf-test": "0.9.3",
            "nextflow": "25.04.6"
        },
        "timestamp": "2025-12-11T19:10:56.903159961"
    },
    "with_intersection_with_svs_stub": {
        "content": [
            [
                {
                    "meta": {
                        "id": "FAM1",
                        "sv_p": "proband_sv.bed:md5,5d5132e465696c191d87fdb5674753b3",
                        "sv_m": "mother_sv.vcf.gz:md5,1f5b22b680fdd7c0f5e9af23a22812b0",
                        "sv_f": "father_sv.bed:md5,9c6fd169c930c8d38e5161b6e8651291"
                    },
                    "vcf_exists": true,
                    "tbi_exists": true
                }
            ],
            [
                "versions.yml:md5,01994edd3494039509599dd1e64aacc1",
                "versions.yml:md5,148abcee5484d0717f77e07f828c1975",
                "versions.yml:md5,2ebc8f39d89a10d17912120217193e10",
                "versions.yml:md5,323b7be16360f5941bef99cc17f99ce2",
                "versions.yml:md5,327f442dbd62dccb56a88492db2f686a",
                "versions.yml:md5,3b67bd8cc11fa25b6fc8f9a5411c786f",
                "versions.yml:md5,457eb2d7a8ad7ba80ca970ec9d1f31d7",
                "versions.yml:md5,5ed417539828b493650f0e92fe39e669",
                "versions.yml:md5,92f7aa7750d1baf973ef7283f5c55bbe",
                "versions.yml:md5,936ee60af9480dada105ebe2dbf1da06",
                "versions.yml:md5,936ee60af9480dada105ebe2dbf1da06",
                "versions.yml:md5,936ee60af9480dada105ebe2dbf1da06",
                "versions.yml:md5,b417a78c103465605d9917c0e5059375",
                "versions.yml:md5,c9c36e046a92c74b43f05406d141d923",
                "versions.yml:md5,c9c36e046a92c74b43f05406d141d923",
                "versions.yml:md5,c9c36e046a92c74b43f05406d141d923",
                "versions.yml:md5,e134f819cea5667256475edf6966a6d6",
                "versions.yml:md5,e134f819cea5667256475edf6966a6d6",
                "versions.yml:md5,e134f819cea5667256475edf6966a6d6"
            ]
        ],
        "meta": {
            "nf-test": "0.9.3",
            "nextflow": "25.04.6"
        },
        "timestamp": "2025-12-11T19:09:31.677024658"
    },
    "with_intersection_no_svs_stub": {
        "content": [
            [
                {
                    "meta": {
                        "id": "FAM1",
                        "sv_p": "-",
                        "sv_m": "-",
                        "sv_f": "-"
                    },
                    "vcf_exists": true,
                    "tbi_exists": true
                }
            ],
            [
                "versions.yml:md5,01994edd3494039509599dd1e64aacc1",
                "versions.yml:md5,148abcee5484d0717f77e07f828c1975",
                "versions.yml:md5,3b67bd8cc11fa25b6fc8f9a5411c786f",
                "versions.yml:md5,457eb2d7a8ad7ba80ca970ec9d1f31d7",
                "versions.yml:md5,5ed417539828b493650f0e92fe39e669",
                "versions.yml:md5,936ee60af9480dada105ebe2dbf1da06",
                "versions.yml:md5,936ee60af9480dada105ebe2dbf1da06",
                "versions.yml:md5,936ee60af9480dada105ebe2dbf1da06",
                "versions.yml:md5,b417a78c103465605d9917c0e5059375",
                "versions.yml:md5,c9c36e046a92c74b43f05406d141d923",
                "versions.yml:md5,c9c36e046a92c74b43f05406d141d923",
                "versions.yml:md5,c9c36e046a92c74b43f05406d141d923",
                "versions.yml:md5,e134f819cea5667256475edf6966a6d6",
                "versions.yml:md5,e134f819cea5667256475edf6966a6d6",
                "versions.yml:md5,e134f819cea5667256475edf6966a6d6"
            ]
        ],
        "meta": {
            "nf-test": "0.9.3",
            "nextflow": "25.04.6"
        },
        "timestamp": "2025-12-11T19:08:17.367341025"
    },
    "without_intersection_with_svs_stub": {
        "content": [
            [
                {
                    "meta": {
                        "id": "FAM1",
                        "sv_p": "proband_sv.bed:md5,5d5132e465696c191d87fdb5674753b3",
                        "sv_m": "mother_sv.vcf.gz:md5,1f5b22b680fdd7c0f5e9af23a22812b0",
                        "sv_f": "father_sv.bed:md5,9c6fd169c930c8d38e5161b6e8651291"
                    },
                    "vcf_exists": true,
                    "tbi_exists": true
                }
            ],
            [
                "versions.yml:md5,01994edd3494039509599dd1e64aacc1",
                "versions.yml:md5,2ebc8f39d89a10d17912120217193e10",
                "versions.yml:md5,323b7be16360f5941bef99cc17f99ce2",
                "versions.yml:md5,327f442dbd62dccb56a88492db2f686a",
                "versions.yml:md5,3b67bd8cc11fa25b6fc8f9a5411c786f",
                "versions.yml:md5,457eb2d7a8ad7ba80ca970ec9d1f31d7",
                "versions.yml:md5,5b3fc4aa38b77ea57087bad28b9224a2",
                "versions.yml:md5,5ed417539828b493650f0e92fe39e669",
                "versions.yml:md5,92f7aa7750d1baf973ef7283f5c55bbe",
                "versions.yml:md5,936ee60af9480dada105ebe2dbf1da06",
                "versions.yml:md5,936ee60af9480dada105ebe2dbf1da06",
                "versions.yml:md5,936ee60af9480dada105ebe2dbf1da06",
                "versions.yml:md5,b417a78c103465605d9917c0e5059375",
                "versions.yml:md5,c9c36e046a92c74b43f05406d141d923",
                "versions.yml:md5,c9c36e046a92c74b43f05406d141d923",
                "versions.yml:md5,c9c36e046a92c74b43f05406d141d923",
                "versions.yml:md5,e134f819cea5667256475edf6966a6d6",
                "versions.yml:md5,e134f819cea5667256475edf6966a6d6",
                "versions.yml:md5,e134f819cea5667256475edf6966a6d6"
            ]
        ],
        "meta": {
            "nf-test": "0.9.3",
            "nextflow": "25.04.6"
        },
        "timestamp": "2025-12-11T19:10:09.830421571"
    }
}