{
    "trio vcf": {
        "content": [
            {
                "0": [
                    [
                        {
                            "id": "test_trio"
                        },
                        "test_trio.upd_events.txt:md5,b5d49ab1a638a7cc814bf1e4d96789b6"
                    ]
                ],
                "1": [
                    [
                        {
                            "id": "test_trio"
                        },
                        "test_trio.upd_collapsed.txt:md5,03fa0adda3f09607021755024deb3f62"
                    ]
                ],
                "2": [
                    "versions.yml:md5,29768249bd7c4736798d2492c42f08ac",
                    "versions.yml:md5,e062b4169e1ccbf468a83a463b1d4e54",
                    "versions.yml:md5,ea7117b55ed9c8eeb1edf1b237b55fb7"
                ],
                "upd_collapsed_txt": [
                    [
                        {
                            "id": "test_trio"
                        },
                        "test_trio.upd_collapsed.txt:md5,03fa0adda3f09607021755024deb3f62"
                    ]
                ],
                "upd_events_txt": [
                    [
                        {
                            "id": "test_trio"
                        },
                        "test_trio.upd_events.txt:md5,b5d49ab1a638a7cc814bf1e4d96789b6"
                    ]
                ],
                "versions": [
                    "versions.yml:md5,29768249bd7c4736798d2492c42f08ac",
                    "versions.yml:md5,e062b4169e1ccbf468a83a463b1d4e54",
                    "versions.yml:md5,ea7117b55ed9c8eeb1edf1b237b55fb7"
                ]
            }
        ],
        "meta": {
            "nf-test": "0.9.3",
            "nextflow": "25.04.6"
        },
        "timestamp": "2026-01-03T13:20:55.945432118"
    },
    "trio vcf - stub": {
        "content": [
            {
                "0": [
                    [
                        {
                            "id": "test_trio"
                        },
                        "test_trio.upd_events.txt:md5,d41d8cd98f00b204e9800998ecf8427e"
                    ]
                ],
                "1": [
                    [
                        {
                            "id": "test_trio"
                        },
                        "test_trio.upd_collapsed.txt:md5,d41d8cd98f00b204e9800998ecf8427e"
                    ]
                ],
                "2": [
                    "versions.yml:md5,29768249bd7c4736798d2492c42f08ac",
                    "versions.yml:md5,e062b4169e1ccbf468a83a463b1d4e54",
                    "versions.yml:md5,ea7117b55ed9c8eeb1edf1b237b55fb7"
                ],
                "upd_collapsed_txt": [
                    [
                        {
                            "id": "test_trio"
                        },
                        "test_trio.upd_collapsed.txt:md5,d41d8cd98f00b204e9800998ecf8427e"
                    ]
                ],
                "upd_events_txt": [
                    [
                        {
                            "id": "test_trio"
                        },
                        "test_trio.upd_events.txt:md5,d41d8cd98f00b204e9800998ecf8427e"
                    ]
                ],
                "versions": [
                    "versions.yml:md5,29768249bd7c4736798d2492c42f08ac",
                    "versions.yml:md5,e062b4169e1ccbf468a83a463b1d4e54",
                    "versions.yml:md5,ea7117b55ed9c8eeb1edf1b237b55fb7"
                ]
            }
        ],
        "meta": {
            "nf-test": "0.9.3",
            "nextflow": "25.04.6"
        },
        "timestamp": "2026-01-03T13:21:27.642381621"
    }
}