{
    "trio vcf": {
        "content": [
            {
                "0": [
                    [
                        {
                            "id": "test_trio",
                            "proband_id": "NA19675",
                            "mother_id": "NA19678",
                            "father_id": "NA19679"
                        },
                        "test_trio.upd_events.txt:md5,a3f743b6a965ff94b271290cc5c8e5c0"
                    ]
                ],
                "1": [
                    [
                        {
                            "id": "test_trio",
                            "proband_id": "NA19675",
                            "mother_id": "NA19678",
                            "father_id": "NA19679"
                        },
                        "test_trio.upd_collapsed.txt:md5,745fe77b3caf8e31ddb21ece9f88e426"
                    ]
                ],
                "2": [
                    "versions.yml:md5,3e6bd7e57a84b17d6bb100b7b773ebae",
                    "versions.yml:md5,aa39d82f74bbfdb6f139f1ea9681a528",
                    "versions.yml:md5,eae3fe255923db30bf1d3abad7c97608"
                ],
                "upd_collapsed_txt": [
                    [
                        {
                            "id": "test_trio",
                            "proband_id": "NA19675",
                            "mother_id": "NA19678",
                            "father_id": "NA19679"
                        },
                        "test_trio.upd_collapsed.txt:md5,745fe77b3caf8e31ddb21ece9f88e426"
                    ]
                ],
                "upd_events_txt": [
                    [
                        {
                            "id": "test_trio",
                            "proband_id": "NA19675",
                            "mother_id": "NA19678",
                            "father_id": "NA19679"
                        },
                        "test_trio.upd_events.txt:md5,a3f743b6a965ff94b271290cc5c8e5c0"
                    ]
                ],
                "versions": [
                    "versions.yml:md5,3e6bd7e57a84b17d6bb100b7b773ebae",
                    "versions.yml:md5,aa39d82f74bbfdb6f139f1ea9681a528",
                    "versions.yml:md5,eae3fe255923db30bf1d3abad7c97608"
                ]
            }
        ],
        "meta": {
            "nf-test": "0.9.3",
            "nextflow": "25.04.6"
        },
        "timestamp": "2026-01-14T09:15:31.70638783"
    },
    "trio vcf - stub": {
        "content": [
            {
                "0": [
                    [
                        {
                            "id": "test_trio",
                            "proband_id": "NA19675",
                            "mother_id": "NA19678",
                            "father_id": "NA19679"
                        },
                        "test_trio.upd_events.txt:md5,d41d8cd98f00b204e9800998ecf8427e"
                    ]
                ],
                "1": [
                    [
                        {
                            "id": "test_trio",
                            "proband_id": "NA19675",
                            "mother_id": "NA19678",
                            "father_id": "NA19679"
                        },
                        "test_trio.upd_collapsed.txt:md5,d41d8cd98f00b204e9800998ecf8427e"
                    ]
                ],
                "2": [
                    "versions.yml:md5,3e6bd7e57a84b17d6bb100b7b773ebae",
                    "versions.yml:md5,aa39d82f74bbfdb6f139f1ea9681a528",
                    "versions.yml:md5,eae3fe255923db30bf1d3abad7c97608"
                ],
                "upd_collapsed_txt": [
                    [
                        {
                            "id": "test_trio",
                            "proband_id": "NA19675",
                            "mother_id": "NA19678",
                            "father_id": "NA19679"
                        },
                        "test_trio.upd_collapsed.txt:md5,d41d8cd98f00b204e9800998ecf8427e"
                    ]
                ],
                "upd_events_txt": [
                    [
                        {
                            "id": "test_trio",
                            "proband_id": "NA19675",
                            "mother_id": "NA19678",
                            "father_id": "NA19679"
                        },
                        "test_trio.upd_events.txt:md5,d41d8cd98f00b204e9800998ecf8427e"
                    ]
                ],
                "versions": [
                    "versions.yml:md5,3e6bd7e57a84b17d6bb100b7b773ebae",
                    "versions.yml:md5,aa39d82f74bbfdb6f139f1ea9681a528",
                    "versions.yml:md5,eae3fe255923db30bf1d3abad7c97608"
                ]
            }
        ],
        "meta": {
            "nf-test": "0.9.3",
            "nextflow": "25.04.6"
        },
        "timestamp": "2026-01-14T09:16:43.673533746"
    }
}