{
    "with_intersection_stub": {
        "content": [
            [
                {
                    "meta": {
                        "id": "family_intersect_stub"
                    },
                    "vcf_exists": true,
                    "tbi_exists": true
                }
            ],
            [
                "versions.yml:md5,5867bfc7128cd39b20f84aa2ca9213d1",
                "versions.yml:md5,ba1671b8d8c27bc942b34f1f5b9bff92",
                "versions.yml:md5,e6bdc637f49435b94f30740c3dc85cdf",
                "versions.yml:md5,f7c5aa38dea8fcfba5d81066887120d7"
            ]
        ],
        "meta": {
            "nf-test": "0.9.3",
            "nextflow": "25.04.6"
        },
        "timestamp": "2025-10-12T13:35:32.273143317"
    },
    "without_intersection_stub": {
        "content": [
            [
                {
                    "meta": {
                        "id": "family_no_intersect_stub"
                    },
                    "vcf_exists": true,
                    "tbi_exists": true
                }
            ],
            [
                "versions.yml:md5,5867bfc7128cd39b20f84aa2ca9213d1",
                "versions.yml:md5,ba1671b8d8c27bc942b34f1f5b9bff92",
                "versions.yml:md5,e6bdc637f49435b94f30740c3dc85cdf",
                "versions.yml:md5,f7c5aa38dea8fcfba5d81066887120d7",
                "versions.yml:md5,faa362b7645bf78f2fe2cf02199408f3"
            ]
        ],
        "meta": {
            "nf-test": "0.9.3",
            "nextflow": "25.04.6"
        },
        "timestamp": "2025-10-12T13:37:36.130766577"
    },
    "multiple_samples": {
        "content": [
            [
                {
                    "meta": {
                        "id": "family1_multi"
                    },
                    "vcf_exists": true,
                    "tbi_exists": true
                },
                {
                    "meta": {
                        "id": "family2_multi"
                    },
                    "vcf_exists": true,
                    "tbi_exists": true
                }
            ],
            [
                "versions.yml:md5,5867bfc7128cd39b20f84aa2ca9213d1",
                "versions.yml:md5,5867bfc7128cd39b20f84aa2ca9213d1",
                "versions.yml:md5,ba1671b8d8c27bc942b34f1f5b9bff92",
                "versions.yml:md5,ba1671b8d8c27bc942b34f1f5b9bff92",
                "versions.yml:md5,e6bdc637f49435b94f30740c3dc85cdf",
                "versions.yml:md5,e6bdc637f49435b94f30740c3dc85cdf",
                "versions.yml:md5,f7c5aa38dea8fcfba5d81066887120d7",
                "versions.yml:md5,f7c5aa38dea8fcfba5d81066887120d7"
            ]
        ],
        "meta": {
            "nf-test": "0.9.3",
            "nextflow": "25.04.6"
        },
        "timestamp": "2025-10-12T13:35:10.72782586"
    },
    "without_intersection": {
        "content": [
            [
                {
                    "meta": {
                        "id": "family2_no_intersect"
                    },
                    "vcf_exists": true,
                    "tbi_exists": true
                }
            ],
            [
                "versions.yml:md5,5867bfc7128cd39b20f84aa2ca9213d1",
                "versions.yml:md5,ba1671b8d8c27bc942b34f1f5b9bff92",
                "versions.yml:md5,e6bdc637f49435b94f30740c3dc85cdf",
                "versions.yml:md5,f7c5aa38dea8fcfba5d81066887120d7",
                "versions.yml:md5,faa362b7645bf78f2fe2cf02199408f3"
            ]
        ],
        "meta": {
            "nf-test": "0.9.3",
            "nextflow": "25.04.6"
        },
        "timestamp": "2025-10-12T13:34:42.928356873"
    },
    "with_intersection": {
        "content": [
            [
                {
                    "meta": {
                        "id": "family1_intersect"
                    },
                    "vcf_exists": true,
                    "tbi_exists": true
                }
            ],
            [
                "versions.yml:md5,5867bfc7128cd39b20f84aa2ca9213d1",
                "versions.yml:md5,ba1671b8d8c27bc942b34f1f5b9bff92",
                "versions.yml:md5,e6bdc637f49435b94f30740c3dc85cdf",
                "versions.yml:md5,f7c5aa38dea8fcfba5d81066887120d7"
            ]
        ],
        "meta": {
            "nf-test": "0.9.3",
            "nextflow": "25.04.6"
        },
        "timestamp": "2025-10-12T13:32:08.034495876"
    }
}