{
    "trio vcf with intersection and without vaf correction": {
        "content": [
            [
                {
                    "meta": {
                        "id": "trio_test",
                        "sv_p": "-",
                        "sv_m": "-",
                        "sv_f": "-"
                    },
                    "vcf_name": "trio_test_filtered_final.vcf.gz",
                    "tbi_name": "trio_test_filtered_final.vcf.gz.tbi"
                }
            ],
            null
        ],
        "meta": {
            "nf-test": "0.9.3",
            "nextflow": "25.04.6"
        },
        "timestamp": "2026-02-17T08:41:54.247034111"
    },
    "trio vcf with intersection and vaf correction": {
        "content": [
            [
                {
                    "meta": {
                        "id": "trio_test",
                        "sv_p": "-",
                        "sv_m": "-",
                        "sv_f": "-"
                    },
                    "vcf_name": "trio_test_filtered_final.vcf.gz",
                    "tbi_name": "trio_test_filtered_final.vcf.gz.tbi"
                }
            ],
            null
        ],
        "meta": {
            "nf-test": "0.9.3",
            "nextflow": "25.04.6"
        },
        "timestamp": "2026-02-17T08:42:16.504601868"
    },
    "trio vcf - stub": {
        "content": [
            {
                "0": [
                    [
                        {
                            "id": "trio_test",
                            "sv_p": "-",
                            "sv_m": "-",
                            "sv_f": "-"
                        },
                        "trio_test_filtered_final.vcf.gz:md5,68b329da9893e34099c7d8ad5cb9c940",
                        "trio_test_filtered_final.vcf.gz.tbi:md5,d41d8cd98f00b204e9800998ecf8427e"
                    ]
                ],
                "vcf": [
                    [
                        {
                            "id": "trio_test",
                            "sv_p": "-",
                            "sv_m": "-",
                            "sv_f": "-"
                        },
                        "trio_test_filtered_final.vcf.gz:md5,68b329da9893e34099c7d8ad5cb9c940",
                        "trio_test_filtered_final.vcf.gz.tbi:md5,d41d8cd98f00b204e9800998ecf8427e"
                    ]
                ]
            }
        ],
        "meta": {
            "nf-test": "0.9.3",
            "nextflow": "25.04.6"
        },
        "timestamp": "2026-02-17T08:43:00.350490494"
    },
    "trio vcf without intersection and with vaf correction": {
        "content": [
            [
                {
                    "meta": {
                        "id": "trio_test",
                        "sv_p": "-",
                        "sv_m": "-",
                        "sv_f": "-"
                    },
                    "vcf_name": "trio_test_filtered_final.vcf.gz",
                    "tbi_name": "trio_test_filtered_final.vcf.gz.tbi"
                }
            ],
            null
        ],
        "meta": {
            "nf-test": "0.9.3",
            "nextflow": "25.04.6"
        },
        "timestamp": "2026-02-17T08:42:39.925661754"
    },
    "trio vcf without intersection and vaf correction": {
        "content": [
            [
                {
                    "meta": {
                        "id": "trio_test",
                        "sv_p": "-",
                        "sv_m": "-",
                        "sv_f": "-"
                    },
                    "vcf_name": "trio_test_filtered_final.vcf.gz",
                    "tbi_name": "trio_test_filtered_final.vcf.gz.tbi"
                }
            ],
            null
        ],
        "meta": {
            "nf-test": "0.9.3",
            "nextflow": "25.04.6"
        },
        "timestamp": "2026-02-17T08:41:34.312706618"
    }
}