{
    "single family": {
        "content": [
            [
                {
                    "meta": {
                        "id": "family1",
                        "proband_id": null,
                        "mother_id": null,
                        "father_id": null,
                        "sv_p": "-",
                        "sv_m": "-",
                        "sv_f": "-"
                    },
                    "vcf_count": 3,
                    "tbi_count": 3,
                    "vcf_names": [
                        "family1_01_filtered.vcf.gz:md5,941ec2e31c7dcbafb725459650a688b2",
                        "family1_02_filtered.vcf.gz:md5,ded85b1e74113468ac43189d3541cffa",
                        "family1_03_filtered.vcf.gz:md5,4ce3eb97d3f68ee17a3778baff843e39"
                    ],
                    "tbi_names": [
                        "family1_01_filtered.vcf.gz.tbi:md5,8ae512c4868b9903042527ab96f931fc",
                        "family1_02_filtered.vcf.gz.tbi:md5,9712b6990e11ee8f79d39d7f4e363a3e",
                        "family1_03_filtered.vcf.gz.tbi:md5,242ba3870f71aca8cc7d90bc96fc42fb"
                    ]
                }
            ],
            null
        ],
        "meta": {
            "nf-test": "0.9.3",
            "nextflow": "25.04.6"
        },
        "timestamp": "2026-02-17T08:19:29.568747249"
    },
    "single family - gvcf mode": {
        "content": [
            [
                {
                    "meta": {
                        "id": "family1",
                        "proband_id": null,
                        "mother_id": null,
                        "father_id": null,
                        "sv_p": "-",
                        "sv_m": "-",
                        "sv_f": "-"
                    },
                    "vcf_count": 3,
                    "tbi_count": 3,
                    "vcf_names": [
                        "family1_01_filtered.vcf.gz:md5,6dd91707f5c910e3b6690139369aa8f6",
                        "family1_02_filtered.vcf.gz:md5,a02e16a88d9ed067c5d3712c43b3ab9a",
                        "family1_03_filtered.vcf.gz:md5,d008a38ead9a3dbb53e61fe0e75ae51a"
                    ],
                    "tbi_names": [
                        "family1_01_filtered.vcf.gz.tbi:md5,1d1cd3f6ecac7b260466e6b51ae5b4a7",
                        "family1_02_filtered.vcf.gz.tbi:md5,b2e62063fa76fbbe839449f11b49cce1",
                        "family1_03_filtered.vcf.gz.tbi:md5,ed98904a5775b89c35585b749c587439"
                    ]
                }
            ],
            null
        ],
        "meta": {
            "nf-test": "0.9.3",
            "nextflow": "25.04.6"
        },
        "timestamp": "2026-02-17T08:20:50.969655768"
    },
    "multiple families": {
        "content": [
            [
                {
                    "meta": {
                        "id": "family1",
                        "sv_p": "-",
                        "sv_m": "-",
                        "sv_f": "-"
                    },
                    "vcf_count": 3,
                    "tbi_count": 3,
                    "vcf_names": [
                        "family1_01_filtered.vcf.gz:md5,941ec2e31c7dcbafb725459650a688b2",
                        "family1_02_filtered.vcf.gz:md5,ded85b1e74113468ac43189d3541cffa",
                        "family1_03_filtered.vcf.gz:md5,4ce3eb97d3f68ee17a3778baff843e39"
                    ],
                    "tbi_names": [
                        "family1_01_filtered.vcf.gz.tbi:md5,8ae512c4868b9903042527ab96f931fc",
                        "family1_02_filtered.vcf.gz.tbi:md5,9712b6990e11ee8f79d39d7f4e363a3e",
                        "family1_03_filtered.vcf.gz.tbi:md5,242ba3870f71aca8cc7d90bc96fc42fb"
                    ]
                },
                {
                    "meta": {
                        "id": "family2",
                        "sv_p": "-",
                        "sv_m": "-",
                        "sv_f": "-"
                    },
                    "vcf_count": 3,
                    "tbi_count": 3,
                    "vcf_names": [
                        "family2_01_filtered.vcf.gz:md5,941ec2e31c7dcbafb725459650a688b2",
                        "family2_02_filtered.vcf.gz:md5,ded85b1e74113468ac43189d3541cffa",
                        "family2_03_filtered.vcf.gz:md5,4ce3eb97d3f68ee17a3778baff843e39"
                    ],
                    "tbi_names": [
                        "family2_01_filtered.vcf.gz.tbi:md5,8ae512c4868b9903042527ab96f931fc",
                        "family2_02_filtered.vcf.gz.tbi:md5,9712b6990e11ee8f79d39d7f4e363a3e",
                        "family2_03_filtered.vcf.gz.tbi:md5,242ba3870f71aca8cc7d90bc96fc42fb"
                    ]
                }
            ],
            null
        ],
        "meta": {
            "nf-test": "0.9.3",
            "nextflow": "25.04.6"
        },
        "timestamp": "2026-02-17T08:20:01.025032065"
    },
    "single family - stub": {
        "content": [
            {
                "0": [
                    [
                        {
                            "id": "family1",
                            "proband_id": null,
                            "mother_id": null,
                            "father_id": null,
                            "sv_p": "-",
                            "sv_m": "-",
                            "sv_f": "-"
                        },
                        [
                            "family1_01_filtered.vcf.gz:md5,68b329da9893e34099c7d8ad5cb9c940",
                            "family1_02_filtered.vcf.gz:md5,68b329da9893e34099c7d8ad5cb9c940",
                            "family1_03_filtered.vcf.gz:md5,68b329da9893e34099c7d8ad5cb9c940"
                        ],
                        [
                            "family1_01_filtered.vcf.gz.tbi:md5,d41d8cd98f00b204e9800998ecf8427e",
                            "family1_02_filtered.vcf.gz.tbi:md5,d41d8cd98f00b204e9800998ecf8427e",
                            "family1_03_filtered.vcf.gz.tbi:md5,d41d8cd98f00b204e9800998ecf8427e"
                        ]
                    ]
                ],
                "vcf": [
                    [
                        {
                            "id": "family1",
                            "proband_id": null,
                            "mother_id": null,
                            "father_id": null,
                            "sv_p": "-",
                            "sv_m": "-",
                            "sv_f": "-"
                        },
                        [
                            "family1_01_filtered.vcf.gz:md5,68b329da9893e34099c7d8ad5cb9c940",
                            "family1_02_filtered.vcf.gz:md5,68b329da9893e34099c7d8ad5cb9c940",
                            "family1_03_filtered.vcf.gz:md5,68b329da9893e34099c7d8ad5cb9c940"
                        ],
                        [
                            "family1_01_filtered.vcf.gz.tbi:md5,d41d8cd98f00b204e9800998ecf8427e",
                            "family1_02_filtered.vcf.gz.tbi:md5,d41d8cd98f00b204e9800998ecf8427e",
                            "family1_03_filtered.vcf.gz.tbi:md5,d41d8cd98f00b204e9800998ecf8427e"
                        ]
                    ]
                ]
            }
        ],
        "meta": {
            "nf-test": "0.9.3",
            "nextflow": "25.04.6"
        },
        "timestamp": "2026-02-17T08:20:26.386827234"
    },
    "single family - gvcf mode - stub": {
        "content": [
            {
                "0": [
                    [
                        {
                            "id": "family1",
                            "proband_id": null,
                            "mother_id": null,
                            "father_id": null,
                            "sv_p": "-",
                            "sv_m": "-",
                            "sv_f": "-"
                        },
                        [
                            "family1_01_filtered.vcf.gz:md5,68b329da9893e34099c7d8ad5cb9c940",
                            "family1_02_filtered.vcf.gz:md5,68b329da9893e34099c7d8ad5cb9c940",
                            "family1_03_filtered.vcf.gz:md5,68b329da9893e34099c7d8ad5cb9c940"
                        ],
                        [
                            "family1_01_filtered.vcf.gz.tbi:md5,d41d8cd98f00b204e9800998ecf8427e",
                            "family1_02_filtered.vcf.gz.tbi:md5,d41d8cd98f00b204e9800998ecf8427e",
                            "family1_03_filtered.vcf.gz.tbi:md5,d41d8cd98f00b204e9800998ecf8427e"
                        ]
                    ]
                ],
                "vcf": [
                    [
                        {
                            "id": "family1",
                            "proband_id": null,
                            "mother_id": null,
                            "father_id": null,
                            "sv_p": "-",
                            "sv_m": "-",
                            "sv_f": "-"
                        },
                        [
                            "family1_01_filtered.vcf.gz:md5,68b329da9893e34099c7d8ad5cb9c940",
                            "family1_02_filtered.vcf.gz:md5,68b329da9893e34099c7d8ad5cb9c940",
                            "family1_03_filtered.vcf.gz:md5,68b329da9893e34099c7d8ad5cb9c940"
                        ],
                        [
                            "family1_01_filtered.vcf.gz.tbi:md5,d41d8cd98f00b204e9800998ecf8427e",
                            "family1_02_filtered.vcf.gz.tbi:md5,d41d8cd98f00b204e9800998ecf8427e",
                            "family1_03_filtered.vcf.gz.tbi:md5,d41d8cd98f00b204e9800998ecf8427e"
                        ]
                    ]
                ]
            }
        ],
        "meta": {
            "nf-test": "0.9.3",
            "nextflow": "25.04.6"
        },
        "timestamp": "2026-02-17T08:21:15.676771502"
    }
}