{
    "without_intersection_no_svs": {
        "content": [
            [
                {
                    "meta": {
                        "id": "FAM1",
                        "sv_p": "-",
                        "sv_m": "-",
                        "sv_f": "-"
                    },
                    "vcf_exists": true,
                    "tbi_exists": true
                }
            ],
            [
                "versions.yml:md5,2482e1d5e77b1d6677d150ada1ab0e2e",
                "versions.yml:md5,3901e22c483ed8a9d9b5cb6f0f274bcb",
                "versions.yml:md5,50806523ff47e793a5f826a768689910",
                "versions.yml:md5,7e6e42f95f168d280dd5827b81c2d61a",
                "versions.yml:md5,7e8f8770cd656aa9d0e4b631adc26caa",
                "versions.yml:md5,c413070b341f81f25bc2a0ece46c9228",
                "versions.yml:md5,e15284b6bfb31cbf4dc8d7b61c43c536",
                "versions.yml:md5,e15284b6bfb31cbf4dc8d7b61c43c536",
                "versions.yml:md5,e15284b6bfb31cbf4dc8d7b61c43c536"
            ]
        ],
        "meta": {
            "nf-test": "0.9.3",
            "nextflow": "25.04.6"
        },
        "timestamp": "2025-10-13T10:18:13.229178643"
    },
    "with_intersection_with_svs": {
        "content": [
            [
                {
                    "meta": {
                        "id": "FAM1",
                        "sv_p": "proband_sv.bed:md5,5d5132e465696c191d87fdb5674753b3",
                        "sv_m": "mother_sv.vcf.gz:md5,1f5b22b680fdd7c0f5e9af23a22812b0",
                        "sv_f": "father_sv.bed:md5,9c6fd169c930c8d38e5161b6e8651291"
                    },
                    "vcf_exists": true,
                    "tbi_exists": true
                }
            ],
            [
                "versions.yml:md5,2482e1d5e77b1d6677d150ada1ab0e2e",
                "versions.yml:md5,2c124b33fa322e1a1651dae13e55d139",
                "versions.yml:md5,3901e22c483ed8a9d9b5cb6f0f274bcb",
                "versions.yml:md5,3d7f3a7f48af0caca1e6df485fb690c6",
                "versions.yml:md5,6a58dbfc31ce91817e83419b2a65b161",
                "versions.yml:md5,7e6e42f95f168d280dd5827b81c2d61a",
                "versions.yml:md5,7e8f8770cd656aa9d0e4b631adc26caa",
                "versions.yml:md5,c413070b341f81f25bc2a0ece46c9228",
                "versions.yml:md5,c5245749f5fdabced2d8e9cd0f2aa046",
                "versions.yml:md5,e15284b6bfb31cbf4dc8d7b61c43c536",
                "versions.yml:md5,e15284b6bfb31cbf4dc8d7b61c43c536",
                "versions.yml:md5,e15284b6bfb31cbf4dc8d7b61c43c536",
                "versions.yml:md5,fe3f29d0c8283926904c8ca73d82cbc2"
            ]
        ],
        "meta": {
            "nf-test": "0.9.3",
            "nextflow": "25.04.6"
        },
        "timestamp": "2025-10-13T10:21:09.465278065"
    },
    "with_intersection_no_svs": {
        "content": [
            [
                {
                    "meta": {
                        "id": "FAM1",
                        "sv_p": "-",
                        "sv_m": "-",
                        "sv_f": "-"
                    },
                    "vcf_exists": true,
                    "tbi_exists": true
                }
            ],
            [
                "versions.yml:md5,2482e1d5e77b1d6677d150ada1ab0e2e",
                "versions.yml:md5,2c124b33fa322e1a1651dae13e55d139",
                "versions.yml:md5,3901e22c483ed8a9d9b5cb6f0f274bcb",
                "versions.yml:md5,7e6e42f95f168d280dd5827b81c2d61a",
                "versions.yml:md5,7e8f8770cd656aa9d0e4b631adc26caa",
                "versions.yml:md5,c413070b341f81f25bc2a0ece46c9228",
                "versions.yml:md5,e15284b6bfb31cbf4dc8d7b61c43c536",
                "versions.yml:md5,e15284b6bfb31cbf4dc8d7b61c43c536",
                "versions.yml:md5,e15284b6bfb31cbf4dc8d7b61c43c536"
            ]
        ],
        "meta": {
            "nf-test": "0.9.3",
            "nextflow": "25.04.6"
        },
        "timestamp": "2025-10-13T10:15:41.100988021"
    },
    "multiple_families_stub": {
        "content": [
            [
                {
                    "meta": {
                        "id": "FAM1",
                        "sv_p": "-",
                        "sv_m": "-",
                        "sv_f": "-"
                    },
                    "vcf_exists": true,
                    "tbi_exists": true
                },
                {
                    "meta": {
                        "id": "FAM2",
                        "sv_p": "-",
                        "sv_m": "-",
                        "sv_f": "-"
                    },
                    "vcf_exists": true,
                    "tbi_exists": true
                }
            ],
            [
                "versions.yml:md5,2482e1d5e77b1d6677d150ada1ab0e2e",
                "versions.yml:md5,2482e1d5e77b1d6677d150ada1ab0e2e",
                "versions.yml:md5,2c124b33fa322e1a1651dae13e55d139",
                "versions.yml:md5,2c124b33fa322e1a1651dae13e55d139",
                "versions.yml:md5,3901e22c483ed8a9d9b5cb6f0f274bcb",
                "versions.yml:md5,3901e22c483ed8a9d9b5cb6f0f274bcb",
                "versions.yml:md5,7e6e42f95f168d280dd5827b81c2d61a",
                "versions.yml:md5,7e6e42f95f168d280dd5827b81c2d61a",
                "versions.yml:md5,7e8f8770cd656aa9d0e4b631adc26caa",
                "versions.yml:md5,7e8f8770cd656aa9d0e4b631adc26caa",
                "versions.yml:md5,c413070b341f81f25bc2a0ece46c9228",
                "versions.yml:md5,c413070b341f81f25bc2a0ece46c9228",
                "versions.yml:md5,e15284b6bfb31cbf4dc8d7b61c43c536",
                "versions.yml:md5,e15284b6bfb31cbf4dc8d7b61c43c536",
                "versions.yml:md5,e15284b6bfb31cbf4dc8d7b61c43c536",
                "versions.yml:md5,e15284b6bfb31cbf4dc8d7b61c43c536",
                "versions.yml:md5,e15284b6bfb31cbf4dc8d7b61c43c536",
                "versions.yml:md5,e15284b6bfb31cbf4dc8d7b61c43c536"
            ]
        ],
        "meta": {
            "nf-test": "0.9.3",
            "nextflow": "25.04.6"
        },
        "timestamp": "2025-10-13T10:37:44.162822321"
    },
    "without_intersection_with_svs": {
        "content": [
            [
                {
                    "meta": {
                        "id": "FAM1",
                        "sv_p": "proband_sv.bed:md5,5d5132e465696c191d87fdb5674753b3",
                        "sv_m": "mother_sv.vcf.gz:md5,1f5b22b680fdd7c0f5e9af23a22812b0",
                        "sv_f": "father_sv.bed:md5,9c6fd169c930c8d38e5161b6e8651291"
                    },
                    "vcf_exists": true,
                    "tbi_exists": true
                }
            ],
            [
                "versions.yml:md5,2482e1d5e77b1d6677d150ada1ab0e2e",
                "versions.yml:md5,3901e22c483ed8a9d9b5cb6f0f274bcb",
                "versions.yml:md5,3d7f3a7f48af0caca1e6df485fb690c6",
                "versions.yml:md5,50806523ff47e793a5f826a768689910",
                "versions.yml:md5,6a58dbfc31ce91817e83419b2a65b161",
                "versions.yml:md5,7e6e42f95f168d280dd5827b81c2d61a",
                "versions.yml:md5,7e8f8770cd656aa9d0e4b631adc26caa",
                "versions.yml:md5,c413070b341f81f25bc2a0ece46c9228",
                "versions.yml:md5,c5245749f5fdabced2d8e9cd0f2aa046",
                "versions.yml:md5,e15284b6bfb31cbf4dc8d7b61c43c536",
                "versions.yml:md5,e15284b6bfb31cbf4dc8d7b61c43c536",
                "versions.yml:md5,e15284b6bfb31cbf4dc8d7b61c43c536",
                "versions.yml:md5,fe3f29d0c8283926904c8ca73d82cbc2"
            ]
        ],
        "meta": {
            "nf-test": "0.9.3",
            "nextflow": "25.04.6"
        },
        "timestamp": "2025-10-13T10:25:18.845884865"
    },
    "without_intersection_no_svs_stub": {
        "content": [
            [
                {
                    "meta": {
                        "id": "FAM1",
                        "sv_p": "-",
                        "sv_m": "-",
                        "sv_f": "-"
                    },
                    "vcf_exists": true,
                    "tbi_exists": true
                }
            ],
            [
                "versions.yml:md5,2482e1d5e77b1d6677d150ada1ab0e2e",
                "versions.yml:md5,3901e22c483ed8a9d9b5cb6f0f274bcb",
                "versions.yml:md5,50806523ff47e793a5f826a768689910",
                "versions.yml:md5,7e6e42f95f168d280dd5827b81c2d61a",
                "versions.yml:md5,7e8f8770cd656aa9d0e4b631adc26caa",
                "versions.yml:md5,c413070b341f81f25bc2a0ece46c9228",
                "versions.yml:md5,e15284b6bfb31cbf4dc8d7b61c43c536",
                "versions.yml:md5,e15284b6bfb31cbf4dc8d7b61c43c536",
                "versions.yml:md5,e15284b6bfb31cbf4dc8d7b61c43c536"
            ]
        ],
        "meta": {
            "nf-test": "0.9.3",
            "nextflow": "25.04.6"
        },
        "timestamp": "2025-10-13T10:29:46.813570072"
    },
    "multiple_families": {
        "content": [
            [
                {
                    "meta": {
                        "id": "FAM1",
                        "sv_p": "-",
                        "sv_m": "-",
                        "sv_f": "-"
                    },
                    "vcf_exists": true,
                    "tbi_exists": true
                },
                {
                    "meta": {
                        "id": "FAM2",
                        "sv_p": "-",
                        "sv_m": "-",
                        "sv_f": "-"
                    },
                    "vcf_exists": true,
                    "tbi_exists": true
                }
            ],
            [
                "versions.yml:md5,2482e1d5e77b1d6677d150ada1ab0e2e",
                "versions.yml:md5,2482e1d5e77b1d6677d150ada1ab0e2e",
                "versions.yml:md5,2c124b33fa322e1a1651dae13e55d139",
                "versions.yml:md5,2c124b33fa322e1a1651dae13e55d139",
                "versions.yml:md5,3901e22c483ed8a9d9b5cb6f0f274bcb",
                "versions.yml:md5,3901e22c483ed8a9d9b5cb6f0f274bcb",
                "versions.yml:md5,7e6e42f95f168d280dd5827b81c2d61a",
                "versions.yml:md5,7e6e42f95f168d280dd5827b81c2d61a",
                "versions.yml:md5,7e8f8770cd656aa9d0e4b631adc26caa",
                "versions.yml:md5,7e8f8770cd656aa9d0e4b631adc26caa",
                "versions.yml:md5,c413070b341f81f25bc2a0ece46c9228",
                "versions.yml:md5,c413070b341f81f25bc2a0ece46c9228",
                "versions.yml:md5,e15284b6bfb31cbf4dc8d7b61c43c536",
                "versions.yml:md5,e15284b6bfb31cbf4dc8d7b61c43c536",
                "versions.yml:md5,e15284b6bfb31cbf4dc8d7b61c43c536",
                "versions.yml:md5,e15284b6bfb31cbf4dc8d7b61c43c536",
                "versions.yml:md5,e15284b6bfb31cbf4dc8d7b61c43c536",
                "versions.yml:md5,e15284b6bfb31cbf4dc8d7b61c43c536"
            ]
        ],
        "meta": {
            "nf-test": "0.9.3",
            "nextflow": "25.04.6"
        },
        "timestamp": "2025-10-13T10:37:11.467398093"
    },
    "with_intersection_with_svs_stub": {
        "content": [
            [
                {
                    "meta": {
                        "id": "FAM1",
                        "sv_p": "proband_sv.bed:md5,5d5132e465696c191d87fdb5674753b3",
                        "sv_m": "mother_sv.vcf.gz:md5,1f5b22b680fdd7c0f5e9af23a22812b0",
                        "sv_f": "father_sv.bed:md5,9c6fd169c930c8d38e5161b6e8651291"
                    },
                    "vcf_exists": true,
                    "tbi_exists": true
                }
            ],
            [
                "versions.yml:md5,2482e1d5e77b1d6677d150ada1ab0e2e",
                "versions.yml:md5,2c124b33fa322e1a1651dae13e55d139",
                "versions.yml:md5,32578191b06582f176cc6c83788cae41",
                "versions.yml:md5,3901e22c483ed8a9d9b5cb6f0f274bcb",
                "versions.yml:md5,3d7f3a7f48af0caca1e6df485fb690c6",
                "versions.yml:md5,6a58dbfc31ce91817e83419b2a65b161",
                "versions.yml:md5,7e6e42f95f168d280dd5827b81c2d61a",
                "versions.yml:md5,7e8f8770cd656aa9d0e4b631adc26caa",
                "versions.yml:md5,c413070b341f81f25bc2a0ece46c9228",
                "versions.yml:md5,c5245749f5fdabced2d8e9cd0f2aa046",
                "versions.yml:md5,e15284b6bfb31cbf4dc8d7b61c43c536",
                "versions.yml:md5,e15284b6bfb31cbf4dc8d7b61c43c536",
                "versions.yml:md5,e15284b6bfb31cbf4dc8d7b61c43c536"
            ]
        ],
        "meta": {
            "nf-test": "0.9.3",
            "nextflow": "25.04.6"
        },
        "timestamp": "2025-10-13T10:32:26.908369748"
    },
    "with_intersection_no_svs_stub": {
        "content": [
            [
                {
                    "meta": {
                        "id": "FAM1",
                        "sv_p": "-",
                        "sv_m": "-",
                        "sv_f": "-"
                    },
                    "vcf_exists": true,
                    "tbi_exists": true
                }
            ],
            [
                "versions.yml:md5,2482e1d5e77b1d6677d150ada1ab0e2e",
                "versions.yml:md5,2c124b33fa322e1a1651dae13e55d139",
                "versions.yml:md5,3901e22c483ed8a9d9b5cb6f0f274bcb",
                "versions.yml:md5,7e6e42f95f168d280dd5827b81c2d61a",
                "versions.yml:md5,7e8f8770cd656aa9d0e4b631adc26caa",
                "versions.yml:md5,c413070b341f81f25bc2a0ece46c9228",
                "versions.yml:md5,e15284b6bfb31cbf4dc8d7b61c43c536",
                "versions.yml:md5,e15284b6bfb31cbf4dc8d7b61c43c536",
                "versions.yml:md5,e15284b6bfb31cbf4dc8d7b61c43c536"
            ]
        ],
        "meta": {
            "nf-test": "0.9.3",
            "nextflow": "25.04.6"
        },
        "timestamp": "2025-10-13T10:25:48.119928704"
    },
    "without_intersection_with_svs_stub": {
        "content": [
            [
                {
                    "meta": {
                        "id": "FAM1",
                        "sv_p": "proband_sv.bed:md5,5d5132e465696c191d87fdb5674753b3",
                        "sv_m": "mother_sv.vcf.gz:md5,1f5b22b680fdd7c0f5e9af23a22812b0",
                        "sv_f": "father_sv.bed:md5,9c6fd169c930c8d38e5161b6e8651291"
                    },
                    "vcf_exists": true,
                    "tbi_exists": true
                }
            ],
            [
                "versions.yml:md5,2482e1d5e77b1d6677d150ada1ab0e2e",
                "versions.yml:md5,32578191b06582f176cc6c83788cae41",
                "versions.yml:md5,3901e22c483ed8a9d9b5cb6f0f274bcb",
                "versions.yml:md5,3d7f3a7f48af0caca1e6df485fb690c6",
                "versions.yml:md5,50806523ff47e793a5f826a768689910",
                "versions.yml:md5,6a58dbfc31ce91817e83419b2a65b161",
                "versions.yml:md5,7e6e42f95f168d280dd5827b81c2d61a",
                "versions.yml:md5,7e8f8770cd656aa9d0e4b631adc26caa",
                "versions.yml:md5,c413070b341f81f25bc2a0ece46c9228",
                "versions.yml:md5,c5245749f5fdabced2d8e9cd0f2aa046",
                "versions.yml:md5,e15284b6bfb31cbf4dc8d7b61c43c536",
                "versions.yml:md5,e15284b6bfb31cbf4dc8d7b61c43c536",
                "versions.yml:md5,e15284b6bfb31cbf4dc8d7b61c43c536"
            ]
        ],
        "meta": {
            "nf-test": "0.9.3",
            "nextflow": "25.04.6"
        },
        "timestamp": "2025-10-13T10:36:12.662153669"
    }
}