{
    "setgt - stub": {
        "content": [
            {
                "0": [
                    [
                        {
                            "id": "family1"
                        },
                        "family1_fixed_gt.vcf.gz:md5,95cb9b90091d097cd8ef50c7c5573442"
                    ]
                ],
                "1": [
                    [
                        {
                            "id": "family1"
                        },
                        "family1_fixed_gt.vcf.gz.tbi:md5,d41d8cd98f00b204e9800998ecf8427e"
                    ]
                ],
                "2": [
                    "versions.yml:md5,4c5095760f7ae036297f446fbef2ba42"
                ],
                "tbi": [
                    [
                        {
                            "id": "family1"
                        },
                        "family1_fixed_gt.vcf.gz.tbi:md5,d41d8cd98f00b204e9800998ecf8427e"
                    ]
                ],
                "vcf": [
                    [
                        {
                            "id": "family1"
                        },
                        "family1_fixed_gt.vcf.gz:md5,95cb9b90091d097cd8ef50c7c5573442"
                    ]
                ],
                "versions": [
                    "versions.yml:md5,4c5095760f7ae036297f446fbef2ba42"
                ]
            }
        ],
        "meta": {
            "nf-test": "0.9.3",
            "nextflow": "25.04.6"
        },
        "timestamp": "2025-10-12T19:44:00.197611849"
    },
    "setgt": {
        "content": [
            [
                [
                    {
                        "id": "family1"
                    },
                    "family1_fixed_gt.vcf.gz:md5,bf79bfe902f9140728ee0c82a4fafe47"
                ]
            ],
            [
                [
                    {
                        "id": "family1"
                    },
                    "family1_fixed_gt.vcf.gz.tbi:md5,d5f4b717bc3bbf0428e1cd851c2b6995"
                ]
            ],
            [
                "versions.yml:md5,4c5095760f7ae036297f446fbef2ba42"
            ]
        ],
        "meta": {
            "nf-test": "0.9.3",
            "nextflow": "25.04.6"
        },
        "timestamp": "2025-10-12T19:42:22.60803874"
    }
}