{
    "trio vcf": {
        "content": [
            {
                "0": [
                    [
                        {
                            "id": "test_trio",
                            "proband_id": "hugelymodelbat",
                            "mother_id": "slowlycivilbuck",
                            "father_id": "earlycasualcaiman"
                        },
                        "test_trio.processed.rds:md5,e2b3e8ba92259d71ea84fc884147eb4c"
                    ]
                ],
                "1": [
                    [
                        {
                            "id": "test_trio",
                            "proband_id": "hugelymodelbat",
                            "mother_id": "slowlycivilbuck",
                            "father_id": "earlycasualcaiman"
                        },
                        "test_trio.R_sessionInfo.log:md5,0e5fc8fd810bc0cf647e6f3cb3cacd0c"
                    ]
                ],
                "2": [
                    "versions.yml:md5,05d91eab8cb0d63e19b8ede2bb65d24d"
                ],
                "processed_vcf": [
                    [
                        {
                            "id": "test_trio",
                            "proband_id": "hugelymodelbat",
                            "mother_id": "slowlycivilbuck",
                            "father_id": "earlycasualcaiman"
                        },
                        "test_trio.processed.rds:md5,e2b3e8ba92259d71ea84fc884147eb4c"
                    ]
                ],
                "session_info": [
                    [
                        {
                            "id": "test_trio",
                            "proband_id": "hugelymodelbat",
                            "mother_id": "slowlycivilbuck",
                            "father_id": "earlycasualcaiman"
                        },
                        "test_trio.R_sessionInfo.log:md5,0e5fc8fd810bc0cf647e6f3cb3cacd0c"
                    ]
                ],
                "versions": [
                    "versions.yml:md5,05d91eab8cb0d63e19b8ede2bb65d24d"
                ]
            }
        ],
        "meta": {
            "nf-test": "0.9.3",
            "nextflow": "25.04.6"
        },
        "timestamp": "2026-01-26T15:50:16.003162372"
    },
    "trio vcf - stub": {
        "content": [
            {
                "0": [
                    [
                        {
                            "id": "test_trio",
                            "proband_id": "hugelymodelbat",
                            "mother_id": "slowlycivilbuck",
                            "father_id": "earlycasualcaiman"
                        },
                        "test_trio.processed.rds:md5,d41d8cd98f00b204e9800998ecf8427e"
                    ]
                ],
                "1": [
                    [
                        {
                            "id": "test_trio",
                            "proband_id": "hugelymodelbat",
                            "mother_id": "slowlycivilbuck",
                            "father_id": "earlycasualcaiman"
                        },
                        "test_trio.R_sessionInfo.log:md5,d41d8cd98f00b204e9800998ecf8427e"
                    ]
                ],
                "2": [
                    "versions.yml:md5,05d91eab8cb0d63e19b8ede2bb65d24d"
                ],
                "processed_vcf": [
                    [
                        {
                            "id": "test_trio",
                            "proband_id": "hugelymodelbat",
                            "mother_id": "slowlycivilbuck",
                            "father_id": "earlycasualcaiman"
                        },
                        "test_trio.processed.rds:md5,d41d8cd98f00b204e9800998ecf8427e"
                    ]
                ],
                "session_info": [
                    [
                        {
                            "id": "test_trio",
                            "proband_id": "hugelymodelbat",
                            "mother_id": "slowlycivilbuck",
                            "father_id": "earlycasualcaiman"
                        },
                        "test_trio.R_sessionInfo.log:md5,d41d8cd98f00b204e9800998ecf8427e"
                    ]
                ],
                "versions": [
                    "versions.yml:md5,05d91eab8cb0d63e19b8ede2bb65d24d"
                ]
            }
        ],
        "meta": {
            "nf-test": "0.9.3",
            "nextflow": "25.04.6"
        },
        "timestamp": "2026-01-26T15:51:12.590891178"
    }
}