{
    "processed trio rds - stub": {
        "content": [
            {
                "0": [
                    [
                        {
                            "id": "test_trio",
                            "proband_id": "hugelymodelbat",
                            "mother_id": "slowlycivilbuck",
                            "father_id": "earlycasualcaiman"
                        },
                        "test_trio.upd_collapsed.txt:md5,d41d8cd98f00b204e9800998ecf8427e"
                    ]
                ],
                "1": [
                    [
                        {
                            "id": "test_trio",
                            "proband_id": "hugelymodelbat",
                            "mother_id": "slowlycivilbuck",
                            "father_id": "earlycasualcaiman"
                        },
                        "test_trio.upd_collapsed.rds:md5,d41d8cd98f00b204e9800998ecf8427e"
                    ]
                ],
                "2": [
                    [
                        {
                            "id": "test_trio",
                            "proband_id": "hugelymodelbat",
                            "mother_id": "slowlycivilbuck",
                            "father_id": "earlycasualcaiman"
                        },
                        "test_trio.R_sessionInfo.log:md5,d41d8cd98f00b204e9800998ecf8427e"
                    ]
                ],
                "3": [
                    "versions.yml:md5,88dbfd32c44f74e1edf85d3a22281526"
                ],
                "session_info": [
                    [
                        {
                            "id": "test_trio",
                            "proband_id": "hugelymodelbat",
                            "mother_id": "slowlycivilbuck",
                            "father_id": "earlycasualcaiman"
                        },
                        "test_trio.R_sessionInfo.log:md5,d41d8cd98f00b204e9800998ecf8427e"
                    ]
                ],
                "upd_collapsed_rds": [
                    [
                        {
                            "id": "test_trio",
                            "proband_id": "hugelymodelbat",
                            "mother_id": "slowlycivilbuck",
                            "father_id": "earlycasualcaiman"
                        },
                        "test_trio.upd_collapsed.rds:md5,d41d8cd98f00b204e9800998ecf8427e"
                    ]
                ],
                "upd_collapsed_txt": [
                    [
                        {
                            "id": "test_trio",
                            "proband_id": "hugelymodelbat",
                            "mother_id": "slowlycivilbuck",
                            "father_id": "earlycasualcaiman"
                        },
                        "test_trio.upd_collapsed.txt:md5,d41d8cd98f00b204e9800998ecf8427e"
                    ]
                ],
                "versions": [
                    "versions.yml:md5,88dbfd32c44f74e1edf85d3a22281526"
                ]
            }
        ],
        "meta": {
            "nf-test": "0.9.3",
            "nextflow": "25.04.6"
        },
        "timestamp": "2026-01-27T08:19:51.190740961"
    },
    "processed trio rds": {
        "content": [
            {
                "0": [
                    [
                        {
                            "id": "test_trio",
                            "proband_id": "hugelymodelbat",
                            "mother_id": "slowlycivilbuck",
                            "father_id": "earlycasualcaiman"
                        },
                        "test_trio.upd_collapsed.txt:md5,49b269b507da242cc4fc606d8510fd40"
                    ]
                ],
                "1": [
                    [
                        {
                            "id": "test_trio",
                            "proband_id": "hugelymodelbat",
                            "mother_id": "slowlycivilbuck",
                            "father_id": "earlycasualcaiman"
                        },
                        "test_trio.upd_collapsed.rds:md5,8d20ad6c3d1e277957687c06431acb6d"
                    ]
                ],
                "2": [
                    [
                        {
                            "id": "test_trio",
                            "proband_id": "hugelymodelbat",
                            "mother_id": "slowlycivilbuck",
                            "father_id": "earlycasualcaiman"
                        },
                        "test_trio.R_sessionInfo.log:md5,76ffea8e595dac0304d35e71c36abfe2"
                    ]
                ],
                "3": [
                    "versions.yml:md5,88dbfd32c44f74e1edf85d3a22281526"
                ],
                "session_info": [
                    [
                        {
                            "id": "test_trio",
                            "proband_id": "hugelymodelbat",
                            "mother_id": "slowlycivilbuck",
                            "father_id": "earlycasualcaiman"
                        },
                        "test_trio.R_sessionInfo.log:md5,76ffea8e595dac0304d35e71c36abfe2"
                    ]
                ],
                "upd_collapsed_rds": [
                    [
                        {
                            "id": "test_trio",
                            "proband_id": "hugelymodelbat",
                            "mother_id": "slowlycivilbuck",
                            "father_id": "earlycasualcaiman"
                        },
                        "test_trio.upd_collapsed.rds:md5,8d20ad6c3d1e277957687c06431acb6d"
                    ]
                ],
                "upd_collapsed_txt": [
                    [
                        {
                            "id": "test_trio",
                            "proband_id": "hugelymodelbat",
                            "mother_id": "slowlycivilbuck",
                            "father_id": "earlycasualcaiman"
                        },
                        "test_trio.upd_collapsed.txt:md5,49b269b507da242cc4fc606d8510fd40"
                    ]
                ],
                "versions": [
                    "versions.yml:md5,88dbfd32c44f74e1edf85d3a22281526"
                ]
            }
        ],
        "meta": {
            "nf-test": "0.9.3",
            "nextflow": "25.04.6"
        },
        "timestamp": "2026-01-27T08:18:39.076201777"
    }
}