{
    "processed trio rds - stub": {
        "content": [
            {
                "0": [
                    [
                        {
                            "id": "test_trio",
                            "proband_id": "NA19685",
                            "mother_id": "NA19688",
                            "father_id": "NA19689"
                        },
                        "test_trio.upd_collapsed.txt:md5,d41d8cd98f00b204e9800998ecf8427e"
                    ]
                ],
                "1": [
                    [
                        {
                            "id": "test_trio",
                            "proband_id": "NA19685",
                            "mother_id": "NA19688",
                            "father_id": "NA19689"
                        },
                        "test_trio.upd_collapsed.rds:md5,d41d8cd98f00b204e9800998ecf8427e"
                    ]
                ],
                "2": [
                    [
                        {
                            "id": "test_trio",
                            "proband_id": "NA19685",
                            "mother_id": "NA19688",
                            "father_id": "NA19689"
                        },
                        "test_trio.R_sessionInfo.log:md5,d41d8cd98f00b204e9800998ecf8427e"
                    ]
                ],
                "3": [
                    "versions.yml:md5,88dbfd32c44f74e1edf85d3a22281526"
                ],
                "session_info": [
                    [
                        {
                            "id": "test_trio",
                            "proband_id": "NA19685",
                            "mother_id": "NA19688",
                            "father_id": "NA19689"
                        },
                        "test_trio.R_sessionInfo.log:md5,d41d8cd98f00b204e9800998ecf8427e"
                    ]
                ],
                "upd_collapsed_rds": [
                    [
                        {
                            "id": "test_trio",
                            "proband_id": "NA19685",
                            "mother_id": "NA19688",
                            "father_id": "NA19689"
                        },
                        "test_trio.upd_collapsed.rds:md5,d41d8cd98f00b204e9800998ecf8427e"
                    ]
                ],
                "upd_collapsed_txt": [
                    [
                        {
                            "id": "test_trio",
                            "proband_id": "NA19685",
                            "mother_id": "NA19688",
                            "father_id": "NA19689"
                        },
                        "test_trio.upd_collapsed.txt:md5,d41d8cd98f00b204e9800998ecf8427e"
                    ]
                ],
                "versions": [
                    "versions.yml:md5,88dbfd32c44f74e1edf85d3a22281526"
                ]
            }
        ],
        "meta": {
            "nf-test": "0.9.3",
            "nextflow": "25.04.6"
        },
        "timestamp": "2026-01-14T08:53:01.054979478"
    },
    "processed trio rds": {
        "content": [
            {
                "0": [
                    [
                        {
                            "id": "test_trio",
                            "proband_id": "NA19685",
                            "mother_id": "NA19688",
                            "father_id": "NA19689"
                        },
                        "test_trio.upd_collapsed.txt:md5,ecd1b8d871fff6370ecd36f0d48136f3"
                    ]
                ],
                "1": [
                    [
                        {
                            "id": "test_trio",
                            "proband_id": "NA19685",
                            "mother_id": "NA19688",
                            "father_id": "NA19689"
                        },
                        "test_trio.upd_collapsed.rds:md5,bd0c6dce353a9bc5e0876fdaa133b13f"
                    ]
                ],
                "2": [
                    [
                        {
                            "id": "test_trio",
                            "proband_id": "NA19685",
                            "mother_id": "NA19688",
                            "father_id": "NA19689"
                        },
                        "test_trio.R_sessionInfo.log:md5,76ffea8e595dac0304d35e71c36abfe2"
                    ]
                ],
                "3": [
                    "versions.yml:md5,88dbfd32c44f74e1edf85d3a22281526"
                ],
                "session_info": [
                    [
                        {
                            "id": "test_trio",
                            "proband_id": "NA19685",
                            "mother_id": "NA19688",
                            "father_id": "NA19689"
                        },
                        "test_trio.R_sessionInfo.log:md5,76ffea8e595dac0304d35e71c36abfe2"
                    ]
                ],
                "upd_collapsed_rds": [
                    [
                        {
                            "id": "test_trio",
                            "proband_id": "NA19685",
                            "mother_id": "NA19688",
                            "father_id": "NA19689"
                        },
                        "test_trio.upd_collapsed.rds:md5,bd0c6dce353a9bc5e0876fdaa133b13f"
                    ]
                ],
                "upd_collapsed_txt": [
                    [
                        {
                            "id": "test_trio",
                            "proband_id": "NA19685",
                            "mother_id": "NA19688",
                            "father_id": "NA19689"
                        },
                        "test_trio.upd_collapsed.txt:md5,ecd1b8d871fff6370ecd36f0d48136f3"
                    ]
                ],
                "versions": [
                    "versions.yml:md5,88dbfd32c44f74e1edf85d3a22281526"
                ]
            }
        ],
        "meta": {
            "nf-test": "0.9.3",
            "nextflow": "25.04.6"
        },
        "timestamp": "2026-01-14T08:52:36.647160929"
    }
}